Archive member included to satisfy reference by file (symbol)

C:/ST/STM32CubeIDE_1.17.0/STM32CubeIDE/plugins/com.st.stm32cube.ide.mcu.externaltools.gnu-tools-for-stm32.12.3.rel1.win32_1.1.0.202410251130/tools/bin/../lib/gcc/arm-none-eabi/12.3.1/../../../../arm-none-eabi/lib/thumb/v7e-m+fp/hard\libc_nano.a(libc_a-exit.o)
                              C:/ST/STM32CubeIDE_1.17.0/STM32CubeIDE/plugins/com.st.stm32cube.ide.mcu.externaltools.gnu-tools-for-stm32.12.3.rel1.win32_1.1.0.202410251130/tools/bin/../lib/gcc/arm-none-eabi/12.3.1/../../../../arm-none-eabi/lib/thumb/v7e-m+fp/hard/crt0.o (exit)
C:/ST/STM32CubeIDE_1.17.0/STM32CubeIDE/plugins/com.st.stm32cube.ide.mcu.externaltools.gnu-tools-for-stm32.12.3.rel1.win32_1.1.0.202410251130/tools/bin/../lib/gcc/arm-none-eabi/12.3.1/../../../../arm-none-eabi/lib/thumb/v7e-m+fp/hard\libc_nano.a(libc_a-findfp.o)
                              ./Middlewares/Third_Party/FreeRTOS/Source/tasks.o (__sf)
C:/ST/STM32CubeIDE_1.17.0/STM32CubeIDE/plugins/com.st.stm32cube.ide.mcu.externaltools.gnu-tools-for-stm32.12.3.rel1.win32_1.1.0.202410251130/tools/bin/../lib/gcc/arm-none-eabi/12.3.1/../../../../arm-none-eabi/lib/thumb/v7e-m+fp/hard\libc_nano.a(libc_a-fwalk.o)
                              C:/ST/STM32CubeIDE_1.17.0/STM32CubeIDE/plugins/com.st.stm32cube.ide.mcu.externaltools.gnu-tools-for-stm32.12.3.rel1.win32_1.1.0.202410251130/tools/bin/../lib/gcc/arm-none-eabi/12.3.1/../../../../arm-none-eabi/lib/thumb/v7e-m+fp/hard\libc_nano.a(libc_a-findfp.o) (_fwalk_sglue)
C:/ST/STM32CubeIDE_1.17.0/STM32CubeIDE/plugins/com.st.stm32cube.ide.mcu.externaltools.gnu-tools-for-stm32.12.3.rel1.win32_1.1.0.202410251130/tools/bin/../lib/gcc/arm-none-eabi/12.3.1/../../../../arm-none-eabi/lib/thumb/v7e-m+fp/hard\libc_nano.a(libc_a-stdio.o)
                              C:/ST/STM32CubeIDE_1.17.0/STM32CubeIDE/plugins/com.st.stm32cube.ide.mcu.externaltools.gnu-tools-for-stm32.12.3.rel1.win32_1.1.0.202410251130/tools/bin/../lib/gcc/arm-none-eabi/12.3.1/../../../../arm-none-eabi/lib/thumb/v7e-m+fp/hard\libc_nano.a(libc_a-findfp.o) (__sread)
C:/ST/STM32CubeIDE_1.17.0/STM32CubeIDE/plugins/com.st.stm32cube.ide.mcu.externaltools.gnu-tools-for-stm32.12.3.rel1.win32_1.1.0.202410251130/tools/bin/../lib/gcc/arm-none-eabi/12.3.1/../../../../arm-none-eabi/lib/thumb/v7e-m+fp/hard\libc_nano.a(libc_a-memset.o)
                              C:/ST/STM32CubeIDE_1.17.0/STM32CubeIDE/plugins/com.st.stm32cube.ide.mcu.externaltools.gnu-tools-for-stm32.12.3.rel1.win32_1.1.0.202410251130/tools/bin/../lib/gcc/arm-none-eabi/12.3.1/../../../../arm-none-eabi/lib/thumb/v7e-m+fp/hard/crt0.o (memset)
C:/ST/STM32CubeIDE_1.17.0/STM32CubeIDE/plugins/com.st.stm32cube.ide.mcu.externaltools.gnu-tools-for-stm32.12.3.rel1.win32_1.1.0.202410251130/tools/bin/../lib/gcc/arm-none-eabi/12.3.1/../../../../arm-none-eabi/lib/thumb/v7e-m+fp/hard\libc_nano.a(libc_a-closer.o)
                              C:/ST/STM32CubeIDE_1.17.0/STM32CubeIDE/plugins/com.st.stm32cube.ide.mcu.externaltools.gnu-tools-for-stm32.12.3.rel1.win32_1.1.0.202410251130/tools/bin/../lib/gcc/arm-none-eabi/12.3.1/../../../../arm-none-eabi/lib/thumb/v7e-m+fp/hard\libc_nano.a(libc_a-stdio.o) (_close_r)
C:/ST/STM32CubeIDE_1.17.0/STM32CubeIDE/plugins/com.st.stm32cube.ide.mcu.externaltools.gnu-tools-for-stm32.12.3.rel1.win32_1.1.0.202410251130/tools/bin/../lib/gcc/arm-none-eabi/12.3.1/../../../../arm-none-eabi/lib/thumb/v7e-m+fp/hard\libc_nano.a(libc_a-reent.o)
                              ./Middlewares/Third_Party/FreeRTOS/Source/tasks.o (_reclaim_reent)
C:/ST/STM32CubeIDE_1.17.0/STM32CubeIDE/plugins/com.st.stm32cube.ide.mcu.externaltools.gnu-tools-for-stm32.12.3.rel1.win32_1.1.0.202410251130/tools/bin/../lib/gcc/arm-none-eabi/12.3.1/../../../../arm-none-eabi/lib/thumb/v7e-m+fp/hard\libc_nano.a(libc_a-impure.o)
                              ./Middlewares/Third_Party/FreeRTOS/Source/tasks.o (_impure_ptr)
C:/ST/STM32CubeIDE_1.17.0/STM32CubeIDE/plugins/com.st.stm32cube.ide.mcu.externaltools.gnu-tools-for-stm32.12.3.rel1.win32_1.1.0.202410251130/tools/bin/../lib/gcc/arm-none-eabi/12.3.1/../../../../arm-none-eabi/lib/thumb/v7e-m+fp/hard\libc_nano.a(libc_a-lseekr.o)
                              C:/ST/STM32CubeIDE_1.17.0/STM32CubeIDE/plugins/com.st.stm32cube.ide.mcu.externaltools.gnu-tools-for-stm32.12.3.rel1.win32_1.1.0.202410251130/tools/bin/../lib/gcc/arm-none-eabi/12.3.1/../../../../arm-none-eabi/lib/thumb/v7e-m+fp/hard\libc_nano.a(libc_a-stdio.o) (_lseek_r)
C:/ST/STM32CubeIDE_1.17.0/STM32CubeIDE/plugins/com.st.stm32cube.ide.mcu.externaltools.gnu-tools-for-stm32.12.3.rel1.win32_1.1.0.202410251130/tools/bin/../lib/gcc/arm-none-eabi/12.3.1/../../../../arm-none-eabi/lib/thumb/v7e-m+fp/hard\libc_nano.a(libc_a-readr.o)
[...]
Memory Configuration

Name             Origin             Length             Attributes
RAM              0x20000000         0x00020000         xrw
FLASH            0x08000000         0x00080000         xr
*default*        0x00000000         0xffffffff

Linker script and memory map

LOAD C:/ST/STM32CubeIDE_1.17.0/STM32CubeIDE/plugins/com.st.stm32cube.ide.mcu.externaltools.gnu-tools-for-stm32.12.3.rel1.win32_1.1.0.202410251130/tools/bin/../lib/gcc/arm-none-eabi/12.3.1/thumb/v7e-m+fp/hard/crti.o
LOAD C:/ST/STM32CubeIDE_1.17.0/STM32CubeIDE/plugins/com.st.stm32cube.ide.mcu.externaltools.gnu-tools-for-stm32.12.3.rel1.win32_1.1.0.202410251130/tools/bin/../lib/gcc/arm-none-eabi/12.3.1/thumb/v7e-m+fp/hard/crtbegin.o
LOAD C:/ST/STM32CubeIDE_1.17.0/STM32CubeIDE/plugins/com.st.stm32cube.ide.mcu.externaltools.gnu-tools-for-stm32.12.3.rel1.win32_1.1.0.202410251130/tools/bin/../lib/gcc/arm-none-eabi/12.3.1/../../../../arm-none-eabi/lib/thumb/v7e-m+fp/hard/crt0.o
LOAD ./Core/Src/DHT11.o
LOAD ./Core/Src/NRF24L01.o
LOAD ./Core/Src/freertos.o
LOAD ./Core/Src/gripper.o
LOAD ./Core/Src/main.o
LOAD ./Core/Src/mechanism.o
LOAD ./Core/Src/motor.o
LOAD ./Core/Src/pump.o
LOAD ./Core/Src/servo.o
LOAD ./Core/Src/soil_moisture.o
LOAD ./Core/Src/stm32f4xx_hal_msp.o
LOAD ./Core/Src/stm32f4xx_hal_timebase_tim.o
LOAD ./Core/Src/stm32f4xx_it.o
LOAD ./Core/Src/syscalls.o
LOAD ./Core/Src/sysmem.o
LOAD ./Core/Src/system_stm32f4xx.o
LOAD ./Core/Startup/startup_stm32f446retx.o
LOAD ./Drivers/STM32F4xx_HAL_Driver/Src/stm32f4xx_hal.o
LOAD ./Drivers/STM32F4xx_HAL_Driver/Src/stm32f4xx_hal_adc.o
LOAD ./Drivers/STM32F4xx_HAL_Driver/Src/stm32f4xx_hal_adc_ex.o
LOAD ./Drivers/STM32F4xx_HAL_Driver/Src/stm32f4xx_hal_cortex.o
LOAD ./Drivers/STM32F4xx_HAL_Driver/Src/stm32f4xx_hal_dma.o
LOAD ./Drivers/STM32F4xx_HAL_Driver/Src/stm32f4xx_hal_dma_ex.o
LOAD ./Drivers/STM32F4xx_HAL_Driver/Src/stm32f4xx_hal_exti.o
LOAD ./Drivers/STM32F4xx_HAL_Driver/Src/stm32f4xx_hal_flash.o
LOAD ./Drivers/STM32F4xx_HAL_Driver/Src/stm32f4xx_hal_flash_ex.o
LOAD ./Drivers/STM32F4xx_HAL_Driver/Src/stm32f4xx_hal_flash_ramfunc.o
LOAD ./Drivers/STM32F4xx_HAL_Driver/Src/stm32f4xx_hal_gpio.o
LOAD ./Drivers/STM32F4xx_HAL_Driver/Src/stm32f4xx_hal_pwr.o
LOAD ./Drivers/STM32F4xx_HAL_Driver/Src/stm32f4xx_hal_pwr_ex.o
LOAD ./Drivers/STM32F4xx_HAL_Driver/Src/stm32f4xx_hal_rcc.o
LOAD ./Drivers/STM32F4xx_HAL_Driver/Src/stm32f4xx_hal_rcc_ex.o
LOAD ./Drivers/STM32F4xx_HAL_Driver/Src/stm32f4xx_hal_spi.o
LOAD ./Drivers/STM32F4xx_HAL_Driver/Src/stm32f4xx_hal_tim.o
LOAD ./Drivers/STM32F4xx_HAL_Driver/Src/stm32f4xx_hal_tim_ex.o
LOAD ./Drivers/STM32F4xx_HAL_Driver/Src/stm32f4xx_hal_uart.o
LOAD ./Drivers/STM32F4xx_HAL_Driver/Src/stm32f4xx_ll_adc.o
LOAD ./Middlewares/Third_Party/FreeRTOS/Source/CMSIS_RTOS/cmsis_os.o
LOAD ./Middlewares/Third_Party/FreeRTOS/Source/croutine.o
LOAD ./Middlewares/Third_Party/FreeRTOS/Source/event_groups.o
LOAD ./Middlewares/Third_Party/FreeRTOS/Source/list.o
LOAD ./Middlewares/Third_Party/FreeRTOS/Source/queue.o
LOAD ./Middlewares/Third_Party/FreeRTOS/Source/stream_buffer.o
LOAD ./Middlewares/Third_Party/FreeRTOS/Source/tasks.o
LOAD ./Middlewares/Third_Party/FreeRTOS/Source/timers.o
LOAD ./Middlewares/Third_Party/FreeRTOS/Source/portable/GCC/ARM_CM4F/port.o
LOAD ./Middlewares/Third_Party/FreeRTOS/Source/portable/MemMang/heap_4.o
START GROUP
LOAD C:/ST/STM32CubeIDE_1.17.0/STM32CubeIDE/plugins/com.st.stm32cube.ide.mcu.externaltools.gnu-tools-for-stm32.12.3.rel1.win32_1.1.0.202410251130/tools/bin/../lib/gcc/arm-none-eabi/12.3.1/../../../../arm-none-eabi/lib/thumb/v7e-m+fp/hard\libc_nano.a
LOAD C:/ST/STM32CubeIDE_1.17.0/STM32CubeIDE/plugins/com.st.stm32cube.ide.mcu.externaltools.gnu-tools-for-stm32.12.3.rel1.win32_1.1.0.202410251130/tools/bin/../lib/gcc/arm-none-eabi/12.3.1/../../../../arm-none-eabi/lib/thumb/v7e-m+fp/hard\libm.a
END GROUP
START GROUP
LOAD C:/ST/STM32CubeIDE_1.17.0/STM32CubeIDE/plugins/com.st.stm32cube.ide.mcu.externaltools.gnu-tools-for-stm32.12.3.rel1.win32_1.1.0.202410251130/tools/bin/../lib/gcc/arm-none-eabi/12.3.1/thumb/v7e-m+fp/hard\libgcc.a
LOAD C:/ST/STM32CubeIDE_1.17.0/STM32CubeIDE/plugins/com.st.stm32cube.ide.mcu.externaltools.gnu-tools-for-stm32.12.3.rel1.win32_1.1.0.202410251130/tools/bin/../lib/gcc/arm-none-eabi/12.3.1/../../../../arm-none-eabi/lib/thumb/v7e-m+fp/hard\libc_nano.a
END GROUP
START GROUP
LOAD C:/ST/STM32CubeIDE_1.17.0/STM32CubeIDE/plugins/com.st.stm32cube.ide.mcu.externaltools.gnu-tools-for-stm32.12.3.rel1.win32_1.1.0.202410251130/tools/bin/../lib/gcc/arm-none-eabi/12.3.1/thumb/v7e-m+fp/hard\libgcc.a
LOAD C:/ST/STM32CubeIDE_1.17.0/STM32CubeIDE/plugins/com.st.stm32cube.ide.mcu.externaltools.gnu-tools-for-stm32.12.3.rel1.win32_1.1.0.202410251130/tools/bin/../lib/gcc/arm-none-eabi/12.3.1/../../../../arm-none-eabi/lib/thumb/v7e-m+fp/hard\libc_nano.a
LOAD C:/ST/STM32CubeIDE_1.17.0/STM32CubeIDE/plugins/com.st.stm32cube.ide.mcu.externaltools.gnu-tools-for-stm32.12.3.rel1.win32_1.1.0.202410251130/tools/bin/../lib/gcc/arm-none-eabi/12.3.1/../../../../arm-none-eabi/lib/thumb/v7e-m+fp/hard\libnosys.a
END GROUP
START GROUP
LOAD C:/ST/STM32CubeIDE_1.17.0/STM32CubeIDE/plugins/com.st.stm32cube.ide.mcu.externaltools.gnu-tools-for-stm32.12.3.rel1.win32_1.1.0.202410251130/tools/bin/../lib/gcc/arm-none-eabi/12.3.1/thumb/v7e-m+fp/hard\libgcc.a
LOAD C:/ST/STM32CubeIDE_1.17.0/STM32CubeIDE/plugins/com.st.stm32cube.ide.mcu.externaltools.gnu-tools-for-stm32.12.3.rel1.win32_1.1.0.202410251130/tools/bin/../lib/gcc/arm-none-eabi/12.3.1/../../../../arm-none-eabi/lib/thumb/v7e-m+fp/hard\libc_nano.a
LOAD C:/ST/STM32CubeIDE_1.17.0/STM32CubeIDE/plugins/com.st.stm32cube.ide.mcu.externaltools.gnu-tools-for-stm32.12.3.rel1.win32_1.1.0.202410251130/tools/bin/../lib/gcc/arm-none-eabi/12.3.1/../../../../arm-none-eabi/lib/thumb/v7e-m+fp/hard\libnosys.a
END GROUP
LOAD C:/ST/STM32CubeIDE_1.17.0/STM32CubeIDE/plugins/com.st.stm32cube.ide.mcu.externaltools.gnu-tools-for-stm32.12.3.rel1.win32_1.1.0.202410251130/tools/bin/../lib/gcc/arm-none-eabi/12.3.1/thumb/v7e-m+fp/hard/crtend.o
LOAD C:/ST/STM32CubeIDE_1.17.0/STM32CubeIDE/plugins/com.st.stm32cube.ide.mcu.externaltools.gnu-tools-for-stm32.12.3.rel1.win32_1.1.0.202410251130/tools/bin/../lib/gcc/arm-none-eabi/12.3.1/thumb/v7e-m+fp/hard/crtn.o
                0x20020000                        _estack = (ORIGIN (RAM) + LENGTH (RAM))
                0x00000200                        _Min_Heap_Size = 0x200
                0x00000400                        _Min_Stack_Size = 0x400

.isr_vector     0x08000000      0x1c4
                0x08000000                        . = ALIGN (0x4)
 *(.isr_vector)
 .isr_vector    0x08000000      0x1c4 ./Core/Startup/startup_stm32f446retx.o
                0x08000000                g_pfnVectors
                0x080001c4                        . = ALIGN (0x4)

.text           0x080001d0     0x7250
                0x080001d0                        . = ALIGN (0x4)
 *(.text)
 .text          0x080001d0       0x40 C:/ST/STM32CubeIDE_1.17.0/STM32CubeIDE/plugins/com.st.stm32cube.ide.mcu.externaltools.gnu-tools-for-stm32.12.3.rel1.win32_1.1.0.202410251130/tools/bin/../lib/gcc/arm-none-eabi/12.3.1/thumb/v7e-m+fp/hard/crtbegin.o
 .text          0x08000210       0x30 C:/ST/STM32CubeIDE_1.17.0/STM32CubeIDE/plugins/com.st.stm32cube.ide.mcu.externaltools.gnu-tools-for-stm32.12.3.rel1.win32_1.1.0.202410251130/tools/bin/../lib/gcc/arm-none-eabi/12.3.1/thumb/v7e-m+fp/hard\libgcc.a(_aeabi_uldivmod.o)
                0x08000210                __aeabi_uldivmod
 .text          0x08000240      0x2bc C:/ST/STM32CubeIDE_1.17.0/STM32CubeIDE/plugins/com.st.stm32cube.ide.mcu.externaltools.gnu-tools-for-stm32.12.3.rel1.win32_1.1.0.202410251130/tools/bin/../lib/gcc/arm-none-eabi/12.3.1/thumb/v7e-m+fp/hard\libgcc.a(_udivmoddi4.o)
                0x08000240                __udivmoddi4
 .text          0x080004fc        0x4 C:/ST/STM32CubeIDE_1.17.0/STM32CubeIDE/plugins/com.st.stm32cube.ide.mcu.externaltools.gnu-tools-for-stm32.12.3.rel1.win32_1.1.0.202410251130/tools/bin/../lib/gcc/arm-none-eabi/12.3.1/thumb/v7e-m+fp/hard\libgcc.a(_dvmd_tls.o)
                0x080004fc                __aeabi_idiv0
                0x080004fc                __aeabi_ldiv0
 *(.text*)
 .text.safeDelay
                0x08000500       0x2a ./Core/Src/DHT11.o
 .text.initDHT  0x0800052a       0x38 ./Core/Src/DHT11.o
                0x0800052a                initDHT
 .text.setGPIOMode
                0x08000562       0x52 ./Core/Src/DHT11.o
                0x08000562                setGPIOMode
 .text.readDHT  0x080005b4      0x302 ./Core/Src/DHT11.o
                0x080005b4                readDHT
 *fill*         0x080008b6        0x2 
 .text.CS_Select
                0x080008b8       0x18 ./Core/Src/NRF24L01.o
                0x080008b8                CS_Select
 .text.CS_UnSelect
                0x080008d0       0x18 ./Core/Src/NRF24L01.o
                0x080008d0                CS_UnSelect
 .text.CE_Enable
                0x080008e8       0x18 ./Core/Src/NRF24L01.o
                0x080008e8                CE_Enable
 .text.CE_Disable
                0x08000900       0x18 ./Core/Src/NRF24L01.o
                0x08000900                CE_Disable
 .text.nrf24_WriteReg
                0x08000918       0x44 ./Core/Src/NRF24L01.o
                0x08000918                nrf24_WriteReg
 .text.nrf24_WriteRegMulti
                0x0800095c       0x4c ./Core/Src/NRF24L01.o
                0x0800095c                nrf24_WriteRegMulti
 .text.nrf24_ReadReg
                0x080009a8       0x40 ./Core/Src/NRF24L01.o
                0x080009a8                nrf24_ReadReg
 .text.nrf24_reset
                0x080009e8      0x14c ./Core/Src/NRF24L01.o
                0x080009e8                nrf24_reset
 .text.NRF24_Init
                0x08000b34       0x4e ./Core/Src/NRF24L01.o
                0x08000b34                NRF24_Init
 .text.NRF24_RxMode
                0x08000b82       0x7e ./Core/Src/NRF24L01.o
                0x08000b82                NRF24_RxMode
 .text.vApplicationGetIdleTaskMemory
                0x08000c00       0x34 ./Core/Src/freertos.o
                0x08000c00                vApplicationGetIdleTaskMemory
 .text.initGripper
                0x08000c34       0x26 ./Core/Src/gripper.o
                0x08000c34                initGripper
 .text.grip     0x08000c5a       0x1a ./Core/Src/gripper.o
                0x08000c5a                grip
 .text.release  0x08000c74       0x1a ./Core/Src/gripper.o
                0x08000c74                release
 *fill*         0x08000c8e        0x2 
 .text.processJoystick
                0x08000c90       0xd8 ./Core/Src/main.o
                0x08000c90                processJoystick
 .text.checkSoilAndPump
                0x08000d68       0x28 ./Core/Src/main.o
                0x08000d68                checkSoilAndPump
 .text.main     0x08000d90      0x114 ./Core/Src/main.o
                0x08000d90                main
 .text.SystemClock_Config
                0x08000ea4       0xdc ./Core/Src/main.o
                0x08000ea4                SystemClock_Config
 .text.MX_ADC3_Init
                0x08000f80       0xa4 ./Core/Src/main.o
 .text.MX_SPI3_Init
                0x08001024       0x64 ./Core/Src/main.o
 .text.MX_TIM2_Init
                0x08001088       0xec ./Core/Src/main.o
 .text.MX_TIM3_Init
                0x08001174       0x9c ./Core/Src/main.o
 .text.MX_TIM10_Init
                0x08001210       0x9c ./Core/Src/main.o
 .text.MX_TIM11_Init
                0x080012ac       0x9c ./Core/Src/main.o
 .text.MX_TIM12_Init
                0x08001348       0xa0 ./Core/Src/main.o
 .text.MX_USART2_UART_Init
                0x080013e8       0x54 ./Core/Src/main.o
 .text.MX_GPIO_Init
                0x0800143c      0x120 ./Core/Src/main.o
 .text.TASK1_Init
                0x0800155c       0x1c ./Core/Src/main.o
                0x0800155c                TASK1_Init
 .text.TASK2_Init
                0x08001578       0x16 ./Core/Src/main.o
                0x08001578                TASK2_Init
 *fill*         0x0800158e        0x2 
 .text.TASK3_Init
                0x08001590       0x1c ./Core/Src/main.o
                0x08001590                TASK3_Init
 .text.HAL_TIM_PeriodElapsedCallback
                0x080015ac       0x24 ./Core/Src/main.o
                0x080015ac                HAL_TIM_PeriodElapsedCallback
 .text.Error_Handler
                0x080015d0        0xc ./Core/Src/main.o
                0x080015d0                Error_Handler
 .text.initAllMotors
                0x080015dc       0x4c ./Core/Src/mechanism.o
                0x080015dc                initAllMotors
 .text.moveForward
                0x08001628       0x48 ./Core/Src/mechanism.o
                0x08001628                moveForward
 .text.moveBackward
                0x08001670       0x48 ./Core/Src/mechanism.o
                0x08001670                moveBackward
 .text.turnLeft
                0x080016b8       0x48 ./Core/Src/mechanism.o
                0x080016b8                turnLeft
 .text.turnRight
                0x08001700       0x48 ./Core/Src/mechanism.o
                0x08001700                turnRight
 .text.stopMotors
                0x08001748       0x40 ./Core/Src/mechanism.o
                0x08001748                stopMotors
 .text.initMotor
                0x08001788       0x3c ./Core/Src/motor.o
                0x08001788                initMotor
 .text.setSpeedMotor
                0x080017c4       0x9a ./Core/Src/motor.o
                0x080017c4                setSpeedMotor
 *fill*         0x0800185e        0x2 
 .text.setPump  0x08001860       0x24 ./Core/Src/pump.o
                0x08001860                setPump
 .text.initServo
                0x08001884       0x36 ./Core/Src/servo.o
                0x08001884                initServo
 *fill*         0x080018ba        0x2 
 .text.setAngleServo
                0x080018bc       0xa0 ./Core/Src/servo.o
                0x080018bc                setAngleServo
 .text.initSoilMoisture
                0x0800195c       0x50 ./Core/Src/soil_moisture.o
                0x0800195c                initSoilMoisture
 .text.readMoisture
                0x080019ac       0xb0 ./Core/Src/soil_moisture.o
                0x080019ac                readMoisture
 .text.HAL_MspInit
                0x08001a5c       0x58 ./Core/Src/stm32f4xx_hal_msp.o
                0x08001a5c                HAL_MspInit
 .text.HAL_ADC_MspInit
                0x08001ab4       0x88 ./Core/Src/stm32f4xx_hal_msp.o
                0x08001ab4                HAL_ADC_MspInit
 .text.HAL_SPI_MspInit
                0x08001b3c       0xb0 ./Core/Src/stm32f4xx_hal_msp.o
                0x08001b3c                HAL_SPI_MspInit
 .text.HAL_TIM_Base_MspInit
                0x08001bec       0xd0 ./Core/Src/stm32f4xx_hal_msp.o
                0x08001bec                HAL_TIM_Base_MspInit
 .text.HAL_TIM_PWM_MspInit
                0x08001cbc       0x44 ./Core/Src/stm32f4xx_hal_msp.o
                0x08001cbc                HAL_TIM_PWM_MspInit
 .text.HAL_TIM_MspPostInit
                0x08001d00      0x15c ./Core/Src/stm32f4xx_hal_msp.o
                0x08001d00                HAL_TIM_MspPostInit
 .text.HAL_UART_MspInit
                0x08001e5c       0x90 ./Core/Src/stm32f4xx_hal_msp.o
                0x08001e5c                HAL_UART_MspInit
 .text.HAL_InitTick
                0x08001eec       0xe4 ./Core/Src/stm32f4xx_hal_timebase_tim.o
                0x08001eec                HAL_InitTick
 .text.NMI_Handler
                0x08001fd0        0x8 ./Core/Src/stm32f4xx_it.o
                0x08001fd0                NMI_Handler
 .text.HardFault_Handler
                0x08001fd8        0x8 ./Core/Src/stm32f4xx_it.o
                0x08001fd8                HardFault_Handler
 .text.MemManage_Handler
                0x08001fe0        0x8 ./Core/Src/stm32f4xx_it.o
                0x08001fe0                MemManage_Handler
 .text.BusFault_Handler
                0x08001fe8        0x8 ./Core/Src/stm32f4xx_it.o
                0x08001fe8                BusFault_Handler
 .text.UsageFault_Handler
                0x08001ff0        0x8 ./Core/Src/stm32f4xx_it.o
                0x08001ff0                UsageFault_Handler
 .text.DebugMon_Handler
                0x08001ff8        0xe ./Core/Src/stm32f4xx_it.o
                0x08001ff8                DebugMon_Handler
 *fill*         0x08002006        0x2 
 .text.TIM1_UP_TIM10_IRQHandler
                0x08002008       0x1c ./Core/Src/stm32f4xx_it.o
                0x08002008                TIM1_UP_TIM10_IRQHandler
 .text.SystemInit
                0x08002024       0x24 ./Core/Src/system_stm32f4xx.o
                0x08002024                SystemInit
 .text.Reset_Handler
                0x08002048       0x50 ./Core/Startup/startup_stm32f446retx.o
                0x08002048                Reset_Handler
 .text.Default_Handler
                0x08002098        0x2 ./Core/Startup/startup_stm32f446retx.o
                0x08002098                RTC_Alarm_IRQHandler
                0x08002098                EXTI2_IRQHandler
                0x08002098                TIM8_CC_IRQHandler
                0x08002098                FMPI2C1_EV_IRQHandler
                0x08002098                SPI4_IRQHandler
                0x08002098                TIM1_CC_IRQHandler
                0x08002098                DMA2_Stream5_IRQHandler
                0x08002098                DMA1_Stream5_IRQHandler
                0x08002098                PVD_IRQHandler
                0x08002098                SDIO_IRQHandler
                0x08002098                TAMP_STAMP_IRQHandler
                0x08002098                CAN2_RX1_IRQHandler
                0x08002098                EXTI3_IRQHandler
                0x08002098                TIM8_TRG_COM_TIM14_IRQHandler
                0x08002098                TIM8_UP_TIM13_IRQHandler
                0x08002098                I2C3_ER_IRQHandler
                0x08002098                EXTI0_IRQHandler
                0x08002098                I2C2_EV_IRQHandler
                0x08002098                DMA1_Stream2_IRQHandler
                0x08002098                CAN1_RX0_IRQHandler
                0x08002098                FPU_IRQHandler
                0x08002098                OTG_HS_WKUP_IRQHandler
                0x08002098                CAN2_SCE_IRQHandler
                0x08002098                DMA2_Stream2_IRQHandler
                0x08002098                SPI1_IRQHandler
                0x08002098                TIM6_DAC_IRQHandler
                0x08002098                TIM1_BRK_TIM9_IRQHandler
                0x08002098                DCMI_IRQHandler
                0x08002098                CAN2_RX0_IRQHandler
                0x08002098                DMA2_Stream3_IRQHandler
                0x08002098                SAI2_IRQHandler
                0x08002098                USART6_IRQHandler
                0x08002098                USART3_IRQHandler
                0x08002098                CAN1_RX1_IRQHandler
                0x08002098                UART5_IRQHandler
                0x08002098                DMA2_Stream0_IRQHandler
                0x08002098                TIM4_IRQHandler
                0x08002098                QUADSPI_IRQHandler
                0x08002098                I2C1_EV_IRQHandler
                0x08002098                DMA1_Stream6_IRQHandler
                0x08002098                DMA1_Stream1_IRQHandler
                0x08002098                UART4_IRQHandler
                0x08002098                TIM3_IRQHandler
                0x08002098                RCC_IRQHandler
                0x08002098                TIM8_BRK_TIM12_IRQHandler
                0x08002098                Default_Handler
                0x08002098                CEC_IRQHandler
                0x08002098                EXTI15_10_IRQHandler
                0x08002098                ADC_IRQHandler
                0x08002098                DMA1_Stream7_IRQHandler
                0x08002098                TIM7_IRQHandler
                0x08002098                CAN2_TX_IRQHandler
                0x08002098                TIM5_IRQHandler
                0x08002098                DMA2_Stream7_IRQHandler
                0x08002098                I2C3_EV_IRQHandler
                0x08002098                EXTI9_5_IRQHandler
                0x08002098                RTC_WKUP_IRQHandler
                0x08002098                SPDIF_RX_IRQHandler
                0x08002098                SPI2_IRQHandler
                0x08002098                OTG_HS_EP1_IN_IRQHandler
                0x08002098                DMA1_Stream0_IRQHandler
                0x08002098                CAN1_TX_IRQHandler
                0x08002098                FMPI2C1_ER_IRQHandler
                0x08002098                EXTI4_IRQHandler
                0x08002098                OTG_HS_EP1_OUT_IRQHandler
                0x08002098                WWDG_IRQHandler
                0x08002098                TIM2_IRQHandler
                0x08002098                OTG_FS_WKUP_IRQHandler
                0x08002098                TIM1_TRG_COM_TIM11_IRQHandler
                0x08002098                OTG_HS_IRQHandler
                0x08002098                EXTI1_IRQHandler
                0x08002098                USART2_IRQHandler
                0x08002098                I2C2_ER_IRQHandler
                0x08002098                DMA2_Stream1_IRQHandler
                0x08002098                CAN1_SCE_IRQHandler
                0x08002098                FLASH_IRQHandler
                0x08002098                DMA2_Stream4_IRQHandler
                0x08002098                USART1_IRQHandler
                0x08002098                OTG_FS_IRQHandler
                0x08002098                SPI3_IRQHandler
                0x08002098                DMA1_Stream4_IRQHandler
                0x08002098                I2C1_ER_IRQHandler
                0x08002098                FMC_IRQHandler
                0x08002098                DMA2_Stream6_IRQHandler
                0x08002098                SAI1_IRQHandler
                0x08002098                DMA1_Stream3_IRQHandler
 *fill*         0x0800209a        0x2 
 .text.HAL_Init
                0x0800209c       0x44 ./Drivers/STM32F4xx_HAL_Driver/Src/stm32f4xx_hal.o
                0x0800209c                HAL_Init
 .text.HAL_IncTick
                0x080020e0       0x28 ./Drivers/STM32F4xx_HAL_Driver/Src/stm32f4xx_hal.o
                0x080020e0                HAL_IncTick
 .text.HAL_GetTick
                0x08002108       0x18 ./Drivers/STM32F4xx_HAL_Driver/Src/stm32f4xx_hal.o
                0x08002108                HAL_GetTick
 .text.HAL_Delay
                0x08002120       0x48 ./Drivers/STM32F4xx_HAL_Driver/Src/stm32f4xx_hal.o
                0x08002120                HAL_Delay
 .text.HAL_ADC_Init
                0x08002168       0x86 ./Drivers/STM32F4xx_HAL_Driver/Src/stm32f4xx_hal_adc.o
                0x08002168                HAL_ADC_Init
 *fill*         0x080021ee        0x2 
 .text.HAL_ADC_Start
                0x080021f0      0x1a4 ./Drivers/STM32F4xx_HAL_Driver/Src/stm32f4xx_hal_adc.o
                0x080021f0                HAL_ADC_Start
 .text.HAL_ADC_PollForConversion
                0x08002394      0x116 ./Drivers/STM32F4xx_HAL_Driver/Src/stm32f4xx_hal_adc.o
                0x08002394                HAL_ADC_PollForConversion
 .text.HAL_ADC_GetValue
                0x080024aa       0x1a ./Drivers/STM32F4xx_HAL_Driver/Src/stm32f4xx_hal_adc.o
                0x080024aa                HAL_ADC_GetValue
 .text.HAL_ADC_ConfigChannel
                0x080024c4      0x264 ./Drivers/STM32F4xx_HAL_Driver/Src/stm32f4xx_hal_adc.o
                0x080024c4                HAL_ADC_ConfigChannel
 .text.ADC_Init
                0x08002728      0x1f8 ./Drivers/STM32F4xx_HAL_Driver/Src/stm32f4xx_hal_adc.o
 .text.__NVIC_SetPriorityGrouping
                0x08002920       0x48 ./Drivers/STM32F4xx_HAL_Driver/Src/stm32f4xx_hal_cortex.o
 .text.__NVIC_GetPriorityGrouping
                0x08002968       0x1c ./Drivers/STM32F4xx_HAL_Driver/Src/stm32f4xx_hal_cortex.o
 .text.__NVIC_EnableIRQ
                0x08002984       0x3c ./Drivers/STM32F4xx_HAL_Driver/Src/stm32f4xx_hal_cortex.o
 .text.__NVIC_SetPriority
                0x080029c0       0x54 ./Drivers/STM32F4xx_HAL_Driver/Src/stm32f4xx_hal_cortex.o
 .text.NVIC_EncodePriority
                0x08002a14       0x66 ./Drivers/STM32F4xx_HAL_Driver/Src/stm32f4xx_hal_cortex.o
 .text.HAL_NVIC_SetPriorityGrouping
                0x08002a7a       0x16 ./Drivers/STM32F4xx_HAL_Driver/Src/stm32f4xx_hal_cortex.o
                0x08002a7a                HAL_NVIC_SetPriorityGrouping
 .text.HAL_NVIC_SetPriority
                0x08002a90       0x38 ./Drivers/STM32F4xx_HAL_Driver/Src/stm32f4xx_hal_cortex.o
                0x08002a90                HAL_NVIC_SetPriority
 .text.HAL_NVIC_EnableIRQ
                0x08002ac8       0x1c ./Drivers/STM32F4xx_HAL_Driver/Src/stm32f4xx_hal_cortex.o
                0x08002ac8                HAL_NVIC_EnableIRQ
 .text.HAL_GPIO_Init
                0x08002ae4      0x328 ./Drivers/STM32F4xx_HAL_Driver/Src/stm32f4xx_hal_gpio.o
                0x08002ae4                HAL_GPIO_Init
 .text.HAL_GPIO_ReadPin
                0x08002e0c       0x30 ./Drivers/STM32F4xx_HAL_Driver/Src/stm32f4xx_hal_gpio.o
                0x08002e0c                HAL_GPIO_ReadPin
 .text.HAL_GPIO_WritePin
                0x08002e3c       0x32 ./Drivers/STM32F4xx_HAL_Driver/Src/stm32f4xx_hal_gpio.o
                0x08002e3c                HAL_GPIO_WritePin
 *fill*         0x08002e6e        0x2 
 .text.HAL_RCC_ClockConfig
                0x08002e70      0x1cc ./Drivers/STM32F4xx_HAL_Driver/Src/stm32f4xx_hal_rcc.o
                0x08002e70                HAL_RCC_ClockConfig
 .text.HAL_RCC_GetHCLKFreq
                0x0800303c       0x18 ./Drivers/STM32F4xx_HAL_Driver/Src/stm32f4xx_hal_rcc.o
                0x0800303c                HAL_RCC_GetHCLKFreq
 .text.HAL_RCC_GetPCLK1Freq
                0x08003054       0x28 ./Drivers/STM32F4xx_HAL_Driver/Src/stm32f4xx_hal_rcc.o
                0x08003054                HAL_RCC_GetPCLK1Freq
 .text.HAL_RCC_GetPCLK2Freq
                0x0800307c       0x28 ./Drivers/STM32F4xx_HAL_Driver/Src/stm32f4xx_hal_rcc.o
                0x0800307c                HAL_RCC_GetPCLK2Freq
 .text.HAL_RCC_GetClockConfig
                0x080030a4       0x64 ./Drivers/STM32F4xx_HAL_Driver/Src/stm32f4xx_hal_rcc.o
                0x080030a4                HAL_RCC_GetClockConfig
 .text.HAL_RCC_GetSysClockFreq
                0x08003108      0x460 ./Drivers/STM32F4xx_HAL_Driver/Src/stm32f4xx_hal_rcc_ex.o
                0x08003108                HAL_RCC_GetSysClockFreq
 .text.HAL_RCC_OscConfig
                0x08003568      0x53c ./Drivers/STM32F4xx_HAL_Driver/Src/stm32f4xx_hal_rcc_ex.o
                0x08003568                HAL_RCC_OscConfig
 .text.HAL_SPI_Init
                0x08003aa4      0x112 ./Drivers/STM32F4xx_HAL_Driver/Src/stm32f4xx_hal_spi.o
                0x08003aa4                HAL_SPI_Init
 .text.HAL_SPI_Transmit
                0x08003bb6      0x288 ./Drivers/STM32F4xx_HAL_Driver/Src/stm32f4xx_hal_spi.o
                0x08003bb6                HAL_SPI_Transmit
 .text.HAL_SPI_Receive
                0x08003e3e      0x232 ./Drivers/STM32F4xx_HAL_Driver/Src/stm32f4xx_hal_spi.o
                0x08003e3e                HAL_SPI_Receive
 .text.HAL_SPI_TransmitReceive
                0x08004070      0x352 ./Drivers/STM32F4xx_HAL_Driver/Src/stm32f4xx_hal_spi.o
                0x08004070                HAL_SPI_TransmitReceive
 *fill*         0x080043c2        0x2 
 .text.SPI_WaitFlagStateUntilTimeout
                0x080043c4      0x110 ./Drivers/STM32F4xx_HAL_Driver/Src/stm32f4xx_hal_spi.o
 .text.SPI_EndRxTransaction
                0x080044d4       0xca ./Drivers/STM32F4xx_HAL_Driver/Src/stm32f4xx_hal_spi.o
 *fill*         0x0800459e        0x2 
 .text.SPI_EndRxTxTransaction
                0x080045a0       0xa8 ./Drivers/STM32F4xx_HAL_Driver/Src/stm32f4xx_hal_spi.o
 .text.HAL_TIM_Base_Init
                0x08004648       0x9e ./Drivers/STM32F4xx_HAL_Driver/Src/stm32f4xx_hal_tim.o
                0x08004648                HAL_TIM_Base_Init
 *fill*         0x080046e6        0x2 
 .text.HAL_TIM_Base_Start
                0x080046e8       0xd0 ./Drivers/STM32F4xx_HAL_Driver/Src/stm32f4xx_hal_tim.o
                0x080046e8                HAL_TIM_Base_Start
 .text.HAL_TIM_Base_Stop
                0x080047b8       0x4e ./Drivers/STM32F4xx_HAL_Driver/Src/stm32f4xx_hal_tim.o
                0x080047b8                HAL_TIM_Base_Stop
 *fill*         0x08004806        0x2 
 .text.HAL_TIM_Base_Start_IT
                0x08004808       0xe0 ./Drivers/STM32F4xx_HAL_Driver/Src/stm32f4xx_hal_tim.o
                0x08004808                HAL_TIM_Base_Start_IT
 .text.HAL_TIM_PWM_Init
                0x080048e8       0x9e ./Drivers/STM32F4xx_HAL_Driver/Src/stm32f4xx_hal_tim.o
                0x080048e8                HAL_TIM_PWM_Init
 *fill*         0x08004986        0x2 
 .text.HAL_TIM_PWM_Start
                0x08004988      0x190 ./Drivers/STM32F4xx_HAL_Driver/Src/stm32f4xx_hal_tim.o
                0x08004988                HAL_TIM_PWM_Start
 .text.HAL_TIM_IRQHandler
                0x08004b18      0x1e0 ./Drivers/STM32F4xx_HAL_Driver/Src/stm32f4xx_hal_tim.o
                0x08004b18                HAL_TIM_IRQHandler
 .text.HAL_TIM_PWM_ConfigChannel
                0x08004cf8      0x184 ./Drivers/STM32F4xx_HAL_Driver/Src/stm32f4xx_hal_tim.o
                0x08004cf8                HAL_TIM_PWM_ConfigChannel
 .text.HAL_TIM_ConfigClockSource
                0x08004e7c      0x18e ./Drivers/STM32F4xx_HAL_Driver/Src/stm32f4xx_hal_tim.o
                0x08004e7c                HAL_TIM_ConfigClockSource
 .text.HAL_TIM_OC_DelayElapsedCallback
                0x0800500a       0x14 ./Drivers/STM32F4xx_HAL_Driver/Src/stm32f4xx_hal_tim.o
                0x0800500a                HAL_TIM_OC_DelayElapsedCallback
 .text.HAL_TIM_IC_CaptureCallback
                0x0800501e       0x14 ./Drivers/STM32F4xx_HAL_Driver/Src/stm32f4xx_hal_tim.o
                0x0800501e                HAL_TIM_IC_CaptureCallback
 .text.HAL_TIM_PWM_PulseFinishedCallback
                0x08005032       0x14 ./Drivers/STM32F4xx_HAL_Driver/Src/stm32f4xx_hal_tim.o
                0x08005032                HAL_TIM_PWM_PulseFinishedCallback
 .text.HAL_TIM_TriggerCallback
                0x08005046       0x14 ./Drivers/STM32F4xx_HAL_Driver/Src/stm32f4xx_hal_tim.o
                0x08005046                HAL_TIM_TriggerCallback
 *fill*         0x0800505a        0x2 
 .text.TIM_Base_SetConfig
                0x0800505c      0x158 ./Drivers/STM32F4xx_HAL_Driver/Src/stm32f4xx_hal_tim.o
                0x0800505c                TIM_Base_SetConfig
 .text.TIM_OC1_SetConfig
                0x080051b4       0xe0 ./Drivers/STM32F4xx_HAL_Driver/Src/stm32f4xx_hal_tim.o
 .text.TIM_OC2_SetConfig
                0x08005294       0xec ./Drivers/STM32F4xx_HAL_Driver/Src/stm32f4xx_hal_tim.o
                0x08005294                TIM_OC2_SetConfig
 .text.TIM_OC3_SetConfig
                0x08005380       0xe8 ./Drivers/STM32F4xx_HAL_Driver/Src/stm32f4xx_hal_tim.o
 .text.TIM_OC4_SetConfig
                0x08005468       0xac ./Drivers/STM32F4xx_HAL_Driver/Src/stm32f4xx_hal_tim.o
 .text.TIM_TI1_ConfigInputStage
                0x08005514       0x5e ./Drivers/STM32F4xx_HAL_Driver/Src/stm32f4xx_hal_tim.o
 .text.TIM_TI2_ConfigInputStage
                0x08005572       0x60 ./Drivers/STM32F4xx_HAL_Driver/Src/stm32f4xx_hal_tim.o
 .text.TIM_ITRx_SetConfig
                0x080055d2       0x36 ./Drivers/STM32F4xx_HAL_Driver/Src/stm32f4xx_hal_tim.o
 .text.TIM_ETR_SetConfig
                0x08005608       0x40 ./Drivers/STM32F4xx_HAL_Driver/Src/stm32f4xx_hal_tim.o
                0x08005608                TIM_ETR_SetConfig
 .text.TIM_CCxChannelCmd
                0x08005648       0x4a ./Drivers/STM32F4xx_HAL_Driver/Src/stm32f4xx_hal_tim.o
                0x08005648                TIM_CCxChannelCmd
 *fill*         0x08005692        0x2 
 .text.HAL_TIMEx_MasterConfigSynchronization
                0x08005694       0xf8 ./Drivers/STM32F4xx_HAL_Driver/Src/stm32f4xx_hal_tim_ex.o
                0x08005694                HAL_TIMEx_MasterConfigSynchronization
 .text.HAL_TIMEx_CommutCallback
                0x0800578c       0x14 ./Drivers/STM32F4xx_HAL_Driver/Src/stm32f4xx_hal_tim_ex.o
                0x0800578c                HAL_TIMEx_CommutCallback
 .text.HAL_TIMEx_BreakCallback
                0x080057a0       0x14 ./Drivers/STM32F4xx_HAL_Driver/Src/stm32f4xx_hal_tim_ex.o
                0x080057a0                HAL_TIMEx_BreakCallback
 .text.HAL_UART_Init
                0x080057b4       0xa0 ./Drivers/STM32F4xx_HAL_Driver/Src/stm32f4xx_hal_uart.o
                0x080057b4                HAL_UART_Init
 .text.UART_SetConfig
                0x08005854      0x4e8 ./Drivers/STM32F4xx_HAL_Driver/Src/stm32f4xx_hal_uart.o
 .text.makeFreeRtosPriority
                0x08005d3c       0x30 ./Middlewares/Third_Party/FreeRTOS/Source/CMSIS_RTOS/cmsis_os.o
 .text.osKernelStart
                0x08005d6c        0xe ./Middlewares/Third_Party/FreeRTOS/Source/CMSIS_RTOS/cmsis_os.o
                0x08005d6c                osKernelStart
 .text.osThreadCreate
                0x08005d7a       0x98 ./Middlewares/Third_Party/FreeRTOS/Source/CMSIS_RTOS/cmsis_os.o
                0x08005d7a                osThreadCreate
 .text.osDelay  0x08005e12       0x28 ./Middlewares/Third_Party/FreeRTOS/Source/CMSIS_RTOS/cmsis_os.o
                0x08005e12                osDelay
 .text.vListInitialise
                0x08005e3a       0x40 ./Middlewares/Third_Party/FreeRTOS/Source/list.o
                0x08005e3a                vListInitialise
 .text.vListInitialiseItem
                0x08005e7a       0x1a ./Middlewares/Third_Party/FreeRTOS/Source/list.o
                0x08005e7a                vListInitialiseItem
 .text.vListInsertEnd
                0x08005e94       0x48 ./Middlewares/Third_Party/FreeRTOS/Source/list.o
                0x08005e94                vListInsertEnd
 .text.vListInsert
                0x08005edc       0x72 ./Middlewares/Third_Party/FreeRTOS/Source/list.o
                0x08005edc                vListInsert
 .text.uxListRemove
                0x08005f4e       0x54 ./Middlewares/Third_Party/FreeRTOS/Source/list.o
                0x08005f4e                uxListRemove
 .text.xTaskCreateStatic
                0x08005fa2       0xc0 ./Middlewares/Third_Party/FreeRTOS/Source/tasks.o
                0x08005fa2                xTaskCreateStatic
 .text.xTaskCreate
                0x08006062       0x8a ./Middlewares/Third_Party/FreeRTOS/Source/tasks.o
                0x08006062                xTaskCreate
 .text.prvInitialiseNewTask
                0x080060ec      0x140 ./Middlewares/Third_Party/FreeRTOS/Source/tasks.o
 .text.prvAddNewTaskToReadyList
                0x0800622c       0xd4 ./Middlewares/Third_Party/FreeRTOS/Source/tasks.o
 .text.vTaskDelay
                0x08006300       0x6c ./Middlewares/Third_Party/FreeRTOS/Source/tasks.o
                0x08006300                vTaskDelay
 .text.vTaskStartScheduler
                0x0800636c       0xd4 ./Middlewares/Third_Party/FreeRTOS/Source/tasks.o
                0x0800636c                vTaskStartScheduler
 .text.vTaskSuspendAll
                0x08006440       0x1c ./Middlewares/Third_Party/FreeRTOS/Source/tasks.o
                0x08006440                vTaskSuspendAll
 .text.xTaskResumeAll
                0x0800645c      0x13c ./Middlewares/Third_Party/FreeRTOS/Source/tasks.o
                0x0800645c                xTaskResumeAll
 .text.xTaskIncrementTick
                0x08006598      0x174 ./Middlewares/Third_Party/FreeRTOS/Source/tasks.o
                0x08006598                xTaskIncrementTick
 .text.vTaskSwitchContext
                0x0800670c       0xc8 ./Middlewares/Third_Party/FreeRTOS/Source/tasks.o
                0x0800670c                vTaskSwitchContext
 .text.prvIdleTask
                0x080067d4       0x30 ./Middlewares/Third_Party/FreeRTOS/Source/tasks.o
 .text.prvInitialiseTaskLists
                0x08006804       0x80 ./Middlewares/Third_Party/FreeRTOS/Source/tasks.o
 .text.prvCheckTasksWaitingTermination
                0x08006884       0x5c ./Middlewares/Third_Party/FreeRTOS/Source/tasks.o
 .text.prvDeleteTCB
                0x080068e0       0x6a ./Middlewares/Third_Party/FreeRTOS/Source/tasks.o
 *fill*         0x0800694a        0x2 
 .text.prvResetNextTaskUnblockTime
                0x0800694c       0x40 ./Middlewares/Third_Party/FreeRTOS/Source/tasks.o
 .text.prvAddCurrentTaskToDelayedList
                0x0800698c       0xcc ./Middlewares/Third_Party/FreeRTOS/Source/tasks.o
 .text.pxPortInitialiseStack
                0x08006a58       0x68 ./Middlewares/Third_Party/FreeRTOS/Source/portable/GCC/ARM_CM4F/port.o
                0x08006a58                pxPortInitialiseStack
 .text.prvTaskExitError
                0x08006ac0       0x5c ./Middlewares/Third_Party/FreeRTOS/Source/portable/GCC/ARM_CM4F/port.o
 *fill*         0x08006b1c        0x4 
 .text.SVC_Handler
                0x08006b20       0x28 ./Middlewares/Third_Party/FreeRTOS/Source/portable/GCC/ARM_CM4F/port.o
                0x08006b20                SVC_Handler
 .text.prvPortStartFirstTask
                0x08006b48       0x28 ./Middlewares/Third_Party/FreeRTOS/Source/portable/GCC/ARM_CM4F/port.o
 .text.xPortStartScheduler
                0x08006b70      0x148 ./Middlewares/Third_Party/FreeRTOS/Source/portable/GCC/ARM_CM4F/port.o
                0x08006b70                xPortStartScheduler
 .text.vPortEnterCritical
                0x08006cb8       0x64 ./Middlewares/Third_Party/FreeRTOS/Source/portable/GCC/ARM_CM4F/port.o
                0x08006cb8                vPortEnterCritical
 .text.vPortExitCritical
                0x08006d1c       0x54 ./Middlewares/Third_Party/FreeRTOS/Source/portable/GCC/ARM_CM4F/port.o
                0x08006d1c                vPortExitCritical
 .text.PendSV_Handler
                0x08006d70       0x68 ./Middlewares/Third_Party/FreeRTOS/Source/portable/GCC/ARM_CM4F/port.o
                0x08006d70                PendSV_Handler
 .text.SysTick_Handler
                0x08006dd8       0x44 ./Middlewares/Third_Party/FreeRTOS/Source/portable/GCC/ARM_CM4F/port.o
                0x08006dd8                SysTick_Handler
 .text.vPortSetupTimerInterrupt
                0x08006e1c       0x48 ./Middlewares/Third_Party/FreeRTOS/Source/portable/GCC/ARM_CM4F/port.o
                0x08006e1c                vPortSetupTimerInterrupt
 .text.vPortEnableVFP
                0x08006e64       0x14 ./Middlewares/Third_Party/FreeRTOS/Source/portable/GCC/ARM_CM4F/port.o
 .text.pvPortMalloc
                0x08006e78      0x19c ./Middlewares/Third_Party/FreeRTOS/Source/portable/MemMang/heap_4.o
                0x08006e78                pvPortMalloc
 .text.vPortFree
                0x08007014       0xc8 ./Middlewares/Third_Party/FreeRTOS/Source/portable/MemMang/heap_4.o
                0x08007014                vPortFree
 .text.prvHeapInit
                0x080070dc       0xc4 ./Middlewares/Third_Party/FreeRTOS/Source/portable/MemMang/heap_4.o
 .text.prvInsertBlockIntoFreeList
                0x080071a0       0xb4 ./Middlewares/Third_Party/FreeRTOS/Source/portable/MemMang/heap_4.o
 .text.memset   0x08007254       0x10 C:/ST/STM32CubeIDE_1.17.0/STM32CubeIDE/plugins/com.st.stm32cube.ide.mcu.externaltools.gnu-tools-for-stm32.12.3.rel1.win32_1.1.0.202410251130/tools/bin/../lib/gcc/arm-none-eabi/12.3.1/../../../../arm-none-eabi/lib/thumb/v7e-m+fp/hard\libc_nano.a(libc_a-memset.o)
                0x08007254                memset
 .text._reclaim_reent
                0x08007264       0xac C:/ST/STM32CubeIDE_1.17.0/STM32CubeIDE/plugins/com.st.stm32cube.ide.mcu.externaltools.gnu-tools-for-stm32.12.3.rel1.win32_1.1.0.202410251130/tools/bin/../lib/gcc/arm-none-eabi/12.3.1/../../../../arm-none-eabi/lib/thumb/v7e-m+fp/hard\libc_nano.a(libc_a-reent.o)
                0x08007264                _reclaim_reent
 .text.__libc_init_array
                0x08007310       0x48 C:/ST/STM32CubeIDE_1.17.0/STM32CubeIDE/plugins/com.st.stm32cube.ide.mcu.externaltools.gnu-tools-for-stm32.12.3.rel1.win32_1.1.0.202410251130/tools/bin/../lib/gcc/arm-none-eabi/12.3.1/../../../../arm-none-eabi/lib/thumb/v7e-m+fp/hard\libc_nano.a(libc_a-init.o)
                0x08007310                __libc_init_array
 .text.__retarget_lock_acquire_recursive
                0x08007358        0x2 C:/ST/STM32CubeIDE_1.17.0/STM32CubeIDE/plugins/com.st.stm32cube.ide.mcu.externaltools.gnu-tools-for-stm32.12.3.rel1.win32_1.1.0.202410251130/tools/bin/../lib/gcc/arm-none-eabi/12.3.1/../../../../arm-none-eabi/lib/thumb/v7e-m+fp/hard\libc_nano.a(libc_a-lock.o)
                0x08007358                __retarget_lock_acquire_recursive
 .text.__retarget_lock_release_recursive
                0x0800735a        0x2 C:/ST/STM32CubeIDE_1.17.0/STM32CubeIDE/plugins/com.st.stm32cube.ide.mcu.externaltools.gnu-tools-for-stm32.12.3.rel1.win32_1.1.0.202410251130/tools/bin/../lib/gcc/arm-none-eabi/12.3.1/../../../../arm-none-eabi/lib/thumb/v7e-m+fp/hard\libc_nano.a(libc_a-lock.o)
                0x0800735a                __retarget_lock_release_recursive
 .text._free_r  0x0800735c       0x94 C:/ST/STM32CubeIDE_1.17.0/STM32CubeIDE/plugins/com.st.stm32cube.ide.mcu.externaltools.gnu-tools-for-stm32.12.3.rel1.win32_1.1.0.202410251130/tools/bin/../lib/gcc/arm-none-eabi/12.3.1/../../../../arm-none-eabi/lib/thumb/v7e-m+fp/hard\libc_nano.a(libc_a-freer.o)
                0x0800735c                _free_r
 .text.__malloc_lock
                0x080073f0        0xc C:/ST/STM32CubeIDE_1.17.0/STM32CubeIDE/plugins/com.st.stm32cube.ide.mcu.externaltools.gnu-tools-for-stm32.12.3.rel1.win32_1.1.0.202410251130/tools/bin/../lib/gcc/arm-none-eabi/12.3.1/../../../../arm-none-eabi/lib/thumb/v7e-m+fp/hard\libc_nano.a(libc_a-mlock.o)
                0x080073f0                __malloc_lock
 .text.__malloc_unlock
                0x080073fc        0xc C:/ST/STM32CubeIDE_1.17.0/STM32CubeIDE/plugins/com.st.stm32cube.ide.mcu.externaltools.gnu-tools-for-stm32.12.3.rel1.win32_1.1.0.202410251130/tools/bin/../lib/gcc/arm-none-eabi/12.3.1/../../../../arm-none-eabi/lib/thumb/v7e-m+fp/hard\libc_nano.a(libc_a-mlock.o)
                0x080073fc                __malloc_unlock
 *(.glue_7)
 .glue_7        0x08007408        0x0 linker stubs
 *(.glue_7t)
 .glue_7t       0x08007408        0x0 linker stubs
 *(.eh_frame)
 .eh_frame      0x08007408        0x0 C:/ST/STM32CubeIDE_1.17.0/STM32CubeIDE/plugins/com.st.stm32cube.ide.mcu.externaltools.gnu-tools-for-stm32.12.3.rel1.win32_1.1.0.202410251130/tools/bin/../lib/gcc/arm-none-eabi/12.3.1/thumb/v7e-m+fp/hard/crtbegin.o
 *(.init)
 .init          0x08007408        0x4 C:/ST/STM32CubeIDE_1.17.0/STM32CubeIDE/plugins/com.st.stm32cube.ide.mcu.externaltools.gnu-tools-for-stm32.12.3.rel1.win32_1.1.0.202410251130/tools/bin/../lib/gcc/arm-none-eabi/12.3.1/thumb/v7e-m+fp/hard/crti.o
                0x08007408                _init
 .init          0x0800740c        0x8 C:/ST/STM32CubeIDE_1.17.0/STM32CubeIDE/plugins/com.st.stm32cube.ide.mcu.externaltools.gnu-tools-for-stm32.12.3.rel1.win32_1.1.0.202410251130/tools/bin/../lib/gcc/arm-none-eabi/12.3.1/thumb/v7e-m+fp/hard/crtn.o
 *(.fini)
 .fini          0x08007414        0x4 C:/ST/STM32CubeIDE_1.17.0/STM32CubeIDE/plugins/com.st.stm32cube.ide.mcu.externaltools.gnu-tools-for-stm32.12.3.rel1.win32_1.1.0.202410251130/tools/bin/../lib/gcc/arm-none-eabi/12.3.1/thumb/v7e-m+fp/hard/crti.o
                0x08007414                _fini
 .fini          0x08007418        0x8 C:/ST/STM32CubeIDE_1.17.0/STM32CubeIDE/plugins/com.st.stm32cube.ide.mcu.externaltools.gnu-tools-for-stm32.12.3.rel1.win32_1.1.0.202410251130/tools/bin/../lib/gcc/arm-none-eabi/12.3.1/thumb/v7e-m+fp/hard/crtn.o
                0x08007420                        . = ALIGN (0x4)
                0x08007420                        _etext = .

.vfp11_veneer   0x08007420        0x0
 .vfp11_veneer  0x08007420        0x0 linker stubs

.v4_bx          0x08007420        0x0
 .v4_bx         0x08007420        0x0 linker stubs

.iplt           0x08007420        0x0
 .iplt          0x08007420        0x0 C:/ST/STM32CubeIDE_1.17.0/STM32CubeIDE/plugins/com.st.stm32cube.ide.mcu.externaltools.gnu-tools-for-stm32.12.3.rel1.win32_1.1.0.202410251130/tools/bin/../lib/gcc/arm-none-eabi/12.3.1/thumb/v7e-m+fp/hard/crtbegin.o

.rodata         0x08007420       0xa4
                0x08007420                        . = ALIGN (0x4)
 *(.rodata)
 .rodata        0x08007420        0xd ./Core/Src/NRF24L01.o
 *fill*         0x0800742d        0x3 
 .rodata        0x08007430       0x6c ./Core/Src/main.o
 .rodata        0x0800749c        0x5 ./Middlewares/Third_Party/FreeRTOS/Source/tasks.o
 *(.rodata*)
 *fill*         0x080074a1        0x3 
 .rodata.rxAddress
                0x080074a4        0x5 ./Core/Src/main.o
                0x080074a4                rxAddress
 *fill*         0x080074a9        0x3 
 .rodata.AHBPrescTable
                0x080074ac       0x10 ./Core/Src/system_stm32f4xx.o
                0x080074ac                AHBPrescTable
 .rodata.APBPrescTable
                0x080074bc        0x8 ./Core/Src/system_stm32f4xx.o
                0x080074bc                APBPrescTable
                0x080074c4                        . = ALIGN (0x4)

.ARM.extab      0x080074c4        0x0
                0x080074c4                        . = ALIGN (0x4)
 *(.ARM.extab* .gnu.linkonce.armextab.*)
                0x080074c4                        . = ALIGN (0x4)

.ARM            0x080074c4        0x8
                0x080074c4                        . = ALIGN (0x4)
                0x080074c4                        __exidx_start = .
 *(.ARM.exidx*)
 .ARM.exidx     0x080074c4        0x8 C:/ST/STM32CubeIDE_1.17.0/STM32CubeIDE/plugins/com.st.stm32cube.ide.mcu.externaltools.gnu-tools-for-stm32.12.3.rel1.win32_1.1.0.202410251130/tools/bin/../lib/gcc/arm-none-eabi/12.3.1/thumb/v7e-m+fp/hard\libgcc.a(_udivmoddi4.o)
                0x080074cc                        __exidx_end = .
                0x080074cc                        . = ALIGN (0x4)

.preinit_array  0x080074cc        0x0
                0x080074cc                        . = ALIGN (0x4)
                0x080074cc                        PROVIDE (__preinit_array_start = .)
 *(.preinit_array*)
                0x080074cc                        PROVIDE (__preinit_array_end = .)
                0x080074cc                        . = ALIGN (0x4)

.init_array     0x080074cc        0x4
                0x080074cc                        . = ALIGN (0x4)
                0x080074cc                        PROVIDE (__init_array_start = .)
 *(SORT_BY_NAME(.init_array.*))
 *(.init_array*)
 .init_array    0x080074cc        0x4 C:/ST/STM32CubeIDE_1.17.0/STM32CubeIDE/plugins/com.st.stm32cube.ide.mcu.externaltools.gnu-tools-for-stm32.12.3.rel1.win32_1.1.0.202410251130/tools/bin/../lib/gcc/arm-none-eabi/12.3.1/thumb/v7e-m+fp/hard/crtbegin.o
                0x080074d0                        PROVIDE (__init_array_end = .)
                0x080074d0                        . = ALIGN (0x4)

.fini_array     0x080074d0        0x4
                0x080074d0                        . = ALIGN (0x4)
                [!provide]                        PROVIDE (__fini_array_start = .)
 *(SORT_BY_NAME(.fini_array.*))
 *(.fini_array*)
 .fini_array    0x080074d0        0x4 C:/ST/STM32CubeIDE_1.17.0/STM32CubeIDE/plugins/com.st.stm32cube.ide.mcu.externaltools.gnu-tools-for-stm32.12.3.rel1.win32_1.1.0.202410251130/tools/bin/../lib/gcc/arm-none-eabi/12.3.1/thumb/v7e-m+fp/hard/crtbegin.o
                [!provide]                        PROVIDE (__fini_array_end = .)
                0x080074d4                        . = ALIGN (0x4)
                0x080074d4                        _sidata = LOADADDR (.data)

.rel.dyn        0x080074d4        0x0
 .rel.iplt      0x080074d4        0x0 C:/ST/STM32CubeIDE_1.17.0/STM32CubeIDE/plugins/com.st.stm32cube.ide.mcu.externaltools.gnu-tools-for-stm32.12.3.rel1.win32_1.1.0.202410251130/tools/bin/../lib/gcc/arm-none-eabi/12.3.1/thumb/v7e-m+fp/hard/crtbegin.o

.data           0x20000000       0x60 load address 0x080074d4
                0x20000000                        . = ALIGN (0x4)
                0x20000000                        _sdata = .
 *(.data)
 *(.data*)
 .data.SystemCoreClock
                0x20000000        0x4 ./Core/Src/system_stm32f4xx.o
                0x20000000                SystemCoreClock
 .data.uwTickPrio
                0x20000004        0x4 ./Drivers/STM32F4xx_HAL_Driver/Src/stm32f4xx_hal.o
                0x20000004                uwTickPrio
 .data.uwTickFreq
                0x20000008        0x1 ./Drivers/STM32F4xx_HAL_Driver/Src/stm32f4xx_hal.o
                0x20000008                uwTickFreq
 *fill*         0x20000009        0x3 
 .data.uxCriticalNesting
                0x2000000c        0x4 ./Middlewares/Third_Party/FreeRTOS/Source/portable/GCC/ARM_CM4F/port.o
 .data._impure_ptr
                0x20000010        0x4 C:/ST/STM32CubeIDE_1.17.0/STM32CubeIDE/plugins/com.st.stm32cube.ide.mcu.externaltools.gnu-tools-for-stm32.12.3.rel1.win32_1.1.0.202410251130/tools/bin/../lib/gcc/arm-none-eabi/12.3.1/../../../../arm-none-eabi/lib/thumb/v7e-m+fp/hard\libc_nano.a(libc_a-impure.o)
                0x20000010                _impure_ptr
 .data._impure_data
                0x20000014       0x4c C:/ST/STM32CubeIDE_1.17.0/STM32CubeIDE/plugins/com.st.stm32cube.ide.mcu.externaltools.gnu-tools-for-stm32.12.3.rel1.win32_1.1.0.202410251130/tools/bin/../lib/gcc/arm-none-eabi/12.3.1/../../../../arm-none-eabi/lib/thumb/v7e-m+fp/hard\libc_nano.a(libc_a-impure.o)
                0x20000014                _impure_data
 *(.RamFunc)
 *(.RamFunc*)
                0x20000060                        . = ALIGN (0x4)
                0x20000060                        _edata = .

.igot.plt       0x20000060        0x0 load address 0x08007534
 .igot.plt      0x20000060        0x0 C:/ST/STM32CubeIDE_1.17.0/STM32CubeIDE/plugins/com.st.stm32cube.ide.mcu.externaltools.gnu-tools-for-stm32.12.3.rel1.win32_1.1.0.202410251130/tools/bin/../lib/gcc/arm-none-eabi/12.3.1/thumb/v7e-m+fp/hard/crtbegin.o
                0x20000060                        . = ALIGN (0x4)

.bss            0x20000060     0x446c load address 0x08007534
                0x20000060                        _sbss = .
                0x20000060                        __bss_start__ = _sbss
 *(.bss)
 .bss           0x20000060       0x1c C:/ST/STM32CubeIDE_1.17.0/STM32CubeIDE/plugins/com.st.stm32cube.ide.mcu.externaltools.gnu-tools-for-stm32.12.3.rel1.win32_1.1.0.202410251130/tools/bin/../lib/gcc/arm-none-eabi/12.3.1/thumb/v7e-m+fp/hard/crtbegin.o
 *(.bss*)
 .bss.xIdleTaskTCBBuffer
                0x2000007c       0xa0 ./Core/Src/freertos.o
 .bss.xIdleStack
                0x2000011c      0x200 ./Core/Src/freertos.o
 .bss.hadc3     0x2000031c       0x48 ./Core/Src/main.o
                0x2000031c                hadc3
 .bss.hspi3     0x20000364       0x58 ./Core/Src/main.o
                0x20000364                hspi3
 .bss.htim2     0x200003bc       0x48 ./Core/Src/main.o
                0x200003bc                htim2
 .bss.htim3     0x20000404       0x48 ./Core/Src/main.o
                0x20000404                htim3
 .bss.htim10    0x2000044c       0x48 ./Core/Src/main.o
                0x2000044c                htim10
 .bss.htim11    0x20000494       0x48 ./Core/Src/main.o
                0x20000494                htim11
 .bss.htim12    0x200004dc       0x48 ./Core/Src/main.o
                0x200004dc                htim12
 .bss.huart2    0x20000524       0x48 ./Core/Src/main.o
                0x20000524                huart2
 .bss.TASK1Handle
                0x2000056c        0x4 ./Core/Src/main.o
                0x2000056c                TASK1Handle
 .bss.TASK2Handle
                0x20000570        0x4 ./Core/Src/main.o
                0x20000570                TASK2Handle
 .bss.TASK3Handle
                0x20000574        0x4 ./Core/Src/main.o
                0x20000574                TASK3Handle
 .bss.RxData    0x20000578        0xa ./Core/Src/main.o
                0x20000578                RxData
 *fill*         0x20000582        0x2 
 .bss.gripper   0x20000584        0xc ./Core/Src/main.o
                0x20000584                gripper
 .bss.dht       0x20000590       0x10 ./Core/Src/main.o
                0x20000590                dht
 .bss.soilSensor
                0x200005a0       0x1c ./Core/Src/main.o
                0x200005a0                soilSensor
 .bss.motorFL   0x200005bc        0xc ./Core/Src/mechanism.o
                0x200005bc                motorFL
 .bss.motorFR   0x200005c8        0xc ./Core/Src/mechanism.o
                0x200005c8                motorFR
 .bss.motorBL   0x200005d4        0xc ./Core/Src/mechanism.o
                0x200005d4                motorBL
 .bss.motorBR   0x200005e0        0xc ./Core/Src/mechanism.o
                0x200005e0                motorBR
 .bss.htim1     0x200005ec       0x48 ./Core/Src/stm32f4xx_hal_timebase_tim.o
                0x200005ec                htim1
 .bss.uwTick    0x20000634        0x4 ./Drivers/STM32F4xx_HAL_Driver/Src/stm32f4xx_hal.o
                0x20000634                uwTick
 .bss.pxCurrentTCB
                0x20000638        0x4 ./Middlewares/Third_Party/FreeRTOS/Source/tasks.o
                0x20000638                pxCurrentTCB
 .bss.pxReadyTasksLists
                0x2000063c       0x8c ./Middlewares/Third_Party/FreeRTOS/Source/tasks.o
 .bss.xDelayedTaskList1
                0x200006c8       0x14 ./Middlewares/Third_Party/FreeRTOS/Source/tasks.o
 .bss.xDelayedTaskList2
                0x200006dc       0x14 ./Middlewares/Third_Party/FreeRTOS/Source/tasks.o
 .bss.pxDelayedTaskList
                0x200006f0        0x4 ./Middlewares/Third_Party/FreeRTOS/Source/tasks.o
 .bss.pxOverflowDelayedTaskList
                0x200006f4        0x4 ./Middlewares/Third_Party/FreeRTOS/Source/tasks.o
 .bss.xPendingReadyList
                0x200006f8       0x14 ./Middlewares/Third_Party/FreeRTOS/Source/tasks.o
 .bss.xTasksWaitingTermination
                0x2000070c       0x14 ./Middlewares/Third_Party/FreeRTOS/Source/tasks.o
 .bss.uxDeletedTasksWaitingCleanUp
                0x20000720        0x4 ./Middlewares/Third_Party/FreeRTOS/Source/tasks.o
 .bss.xSuspendedTaskList
                0x20000724       0x14 ./Middlewares/Third_Party/FreeRTOS/Source/tasks.o
 .bss.uxCurrentNumberOfTasks
                0x20000738        0x4 ./Middlewares/Third_Party/FreeRTOS/Source/tasks.o
 .bss.xTickCount
                0x2000073c        0x4 ./Middlewares/Third_Party/FreeRTOS/Source/tasks.o
 .bss.uxTopReadyPriority
                0x20000740        0x4 ./Middlewares/Third_Party/FreeRTOS/Source/tasks.o
 .bss.xSchedulerRunning
                0x20000744        0x4 ./Middlewares/Third_Party/FreeRTOS/Source/tasks.o
 .bss.xPendedTicks
                0x20000748        0x4 ./Middlewares/Third_Party/FreeRTOS/Source/tasks.o
 .bss.xYieldPending
                0x2000074c        0x4 ./Middlewares/Third_Party/FreeRTOS/Source/tasks.o
 .bss.xNumOfOverflows
                0x20000750        0x4 ./Middlewares/Third_Party/FreeRTOS/Source/tasks.o
 .bss.uxTaskNumber
                0x20000754        0x4 ./Middlewares/Third_Party/FreeRTOS/Source/tasks.o
 .bss.xNextTaskUnblockTime
                0x20000758        0x4 ./Middlewares/Third_Party/FreeRTOS/Source/tasks.o
 .bss.xIdleTaskHandle
                0x2000075c        0x4 ./Middlewares/Third_Party/FreeRTOS/Source/tasks.o
 .bss.uxSchedulerSuspended
                0x20000760        0x4 ./Middlewares/Third_Party/FreeRTOS/Source/tasks.o
 .bss.ucMaxSysCallPriority
                0x20000764        0x1 ./Middlewares/Third_Party/FreeRTOS/Source/portable/GCC/ARM_CM4F/port.o
 *fill*         0x20000765        0x3 
 .bss.ulMaxPRIGROUPValue
                0x20000768        0x4 ./Middlewares/Third_Party/FreeRTOS/Source/portable/GCC/ARM_CM4F/port.o
 .bss.ucHeap    0x2000076c     0x3c00 ./Middlewares/Third_Party/FreeRTOS/Source/portable/MemMang/heap_4.o
 .bss.xStart    0x2000436c        0x8 ./Middlewares/Third_Party/FreeRTOS/Source/portable/MemMang/heap_4.o
 .bss.pxEnd     0x20004374        0x4 ./Middlewares/Third_Party/FreeRTOS/Source/portable/MemMang/heap_4.o
 .bss.xFreeBytesRemaining
                0x20004378        0x4 ./Middlewares/Third_Party/FreeRTOS/Source/portable/MemMang/heap_4.o
 .bss.xMinimumEverFreeBytesRemaining
                0x2000437c        0x4 ./Middlewares/Third_Party/FreeRTOS/Source/portable/MemMang/heap_4.o
 .bss.xNumberOfSuccessfulAllocations
                0x20004380        0x4 ./Middlewares/Third_Party/FreeRTOS/Source/portable/MemMang/heap_4.o
 .bss.xNumberOfSuccessfulFrees
                0x20004384        0x4 ./Middlewares/Third_Party/FreeRTOS/Source/portable/MemMang/heap_4.o
 .bss.xBlockAllocatedBit
                0x20004388        0x4 ./Middlewares/Third_Party/FreeRTOS/Source/portable/MemMang/heap_4.o
 .bss.__sf      0x2000438c      0x138 C:/ST/STM32CubeIDE_1.17.0/STM32CubeIDE/plugins/com.st.stm32cube.ide.mcu.externaltools.gnu-tools-for-stm32.12.3.rel1.win32_1.1.0.202410251130/tools/bin/../lib/gcc/arm-none-eabi/12.3.1/../../../../arm-none-eabi/lib/thumb/v7e-m+fp/hard\libc_nano.a(libc_a-findfp.o)
                0x2000438c                __sf
 .bss.__lock___malloc_recursive_mutex
                0x200044c4        0x1 C:/ST/STM32CubeIDE_1.17.0/STM32CubeIDE/plugins/com.st.stm32cube.ide.mcu.externaltools.gnu-tools-for-stm32.12.3.rel1.win32_1.1.0.202410251130/tools/bin/../lib/gcc/arm-none-eabi/12.3.1/../../../../arm-none-eabi/lib/thumb/v7e-m+fp/hard\libc_nano.a(libc_a-lock.o)
                0x200044c4                __lock___malloc_recursive_mutex
 *fill*         0x200044c5        0x3 
 .bss.__malloc_free_list
                0x200044c8        0x4 C:/ST/STM32CubeIDE_1.17.0/STM32CubeIDE/plugins/com.st.stm32cube.ide.mcu.externaltools.gnu-tools-for-stm32.12.3.rel1.win32_1.1.0.202410251130/tools/bin/../lib/gcc/arm-none-eabi/12.3.1/../../../../arm-none-eabi/lib/thumb/v7e-m+fp/hard\libc_nano.a(libc_a-mallocr.o)
                0x200044c8                __malloc_free_list
 *(COMMON)
                0x200044cc                        . = ALIGN (0x4)
                0x200044cc                        _ebss = .
                0x200044cc                        __bss_end__ = _ebss

._user_heap_stack
                0x200044cc      0x604 load address 0x08007534
                0x200044d0                        . = ALIGN (0x8)
 *fill*         0x200044cc        0x4 
                [!provide]                        PROVIDE (end = .)
                0x200044d0                        PROVIDE (_end = .)
                0x200046d0                        . = (. + _Min_Heap_Size)
 *fill*         0x200044d0      0x200 
                0x20004ad0                        . = (. + _Min_Stack_Size)
 *fill*         0x200046d0      0x400 
                0x20004ad0                        . = ALIGN (0x8)

/DISCARD/
 libc.a(*)
 libm.a(*)
 libgcc.a(*)

.ARM.attributes
                0x00000000       0x30
 *(.ARM.attributes)
 .ARM.attributes
                0x00000000       0x22 C:/ST/STM32CubeIDE_1.17.0/STM32CubeIDE/plugins/com.st.stm32cube.ide.mcu.externaltools.gnu-tools-for-stm32.12.3.rel1.win32_1.1.0.202410251130/tools/bin/../lib/gcc/arm-none-eabi/12.3.1/thumb/v7e-m+fp/hard/crti.o
 .ARM.attributes
                0x00000022       0x34 C:/ST/STM32CubeIDE_1.17.0/STM32CubeIDE/plugins/com.st.stm32cube.ide.mcu.externaltools.gnu-tools-for-stm32.12.3.rel1.win32_1.1.0.202410251130/tools/bin/../lib/gcc/arm-none-eabi/12.3.1/thumb/v7e-m+fp/hard/crtbegin.o
 .ARM.attributes
                0x00000056       0x34 ./Core/Src/DHT11.o
 .ARM.attributes
                0x0000008a       0x34 ./Core/Src/NRF24L01.o
 .ARM.attributes
                0x000000be       0x34 ./Core/Src/freertos.o
 .ARM.attributes
                0x000000f2       0x34 ./Core/Src/gripper.o
 .ARM.attributes
                0x00000126       0x34 ./Core/Src/main.o
 .ARM.attributes
                0x0000015a       0x34 ./Core/Src/mechanism.o
 .ARM.attributes
                0x0000018e       0x34 ./Core/Src/motor.o
 .ARM.attributes
                0x000001c2       0x34 ./Core/Src/pump.o
 .ARM.attributes
                0x000001f6       0x34 ./Core/Src/servo.o
 .ARM.attributes
                0x0000022a       0x34 ./Core/Src/soil_moisture.o
 .ARM.attributes
                0x0000025e       0x34 ./Core/Src/stm32f4xx_hal_msp.o
 .ARM.attributes
                0x00000292       0x34 ./Core/Src/stm32f4xx_hal_timebase_tim.o
 .ARM.attributes
                0x000002c6       0x34 ./Core/Src/stm32f4xx_it.o
 .ARM.attributes
                0x000002fa       0x34 ./Core/Src/system_stm32f4xx.o
 .ARM.attributes
                0x0000032e       0x21 ./Core/Startup/startup_stm32f446retx.o
 .ARM.attributes
                0x0000034f       0x34 ./Drivers/STM32F4xx_HAL_Driver/Src/stm32f4xx_hal.o
 .ARM.attributes
                0x00000383       0x34 ./Drivers/STM32F4xx_HAL_Driver/Src/stm32f4xx_hal_adc.o
 .ARM.attributes
                0x000003b7       0x34 ./Drivers/STM32F4xx_HAL_Driver/Src/stm32f4xx_hal_cortex.o
 .ARM.attributes
                0x000003eb       0x34 ./Drivers/STM32F4xx_HAL_Driver/Src/stm32f4xx_hal_gpio.o
 .ARM.attributes
                0x0000041f       0x34 ./Drivers/STM32F4xx_HAL_Driver/Src/stm32f4xx_hal_rcc.o
 .ARM.attributes
                0x00000453       0x34 ./Drivers/STM32F4xx_HAL_Driver/Src/stm32f4xx_hal_rcc_ex.o
 .ARM.attributes
                0x00000487       0x34 ./Drivers/STM32F4xx_HAL_Driver/Src/stm32f4xx_hal_spi.o
 .ARM.attributes
                0x000004bb       0x34 ./Drivers/STM32F4xx_HAL_Driver/Src/stm32f4xx_hal_tim.o
 .ARM.attributes
                0x000004ef       0x34 ./Drivers/STM32F4xx_HAL_Driver/Src/stm32f4xx_hal_tim_ex.o
 .ARM.attributes
                0x00000523       0x34 ./Drivers/STM32F4xx_HAL_Driver/Src/stm32f4xx_hal_uart.o
 .ARM.attributes
                0x00000557       0x34 ./Middlewares/Third_Party/FreeRTOS/Source/CMSIS_RTOS/cmsis_os.o
 .ARM.attributes
                0x0000058b       0x34 ./Middlewares/Third_Party/FreeRTOS/Source/list.o
 .ARM.attributes
                0x000005bf       0x34 ./Middlewares/Third_Party/FreeRTOS/Source/tasks.o
 .ARM.attributes
                0x000005f3       0x34 ./Middlewares/Third_Party/FreeRTOS/Source/portable/GCC/ARM_CM4F/port.o
 .ARM.attributes
                0x00000627       0x34 ./Middlewares/Third_Party/FreeRTOS/Source/portable/MemMang/heap_4.o
 .ARM.attributes
                0x0000065b       0x34 C:/ST/STM32CubeIDE_1.17.0/STM32CubeIDE/plugins/com.st.stm32cube.ide.mcu.externaltools.gnu-tools-for-stm32.12.3.rel1.win32_1.1.0.202410251130/tools/bin/../lib/gcc/arm-none-eabi/12.3.1/../../../../arm-none-eabi/lib/thumb/v7e-m+fp/hard\libc_nano.a(libc_a-findfp.o)
 .ARM.attributes
                0x0000068f       0x34 C:/ST/STM32CubeIDE_1.17.0/STM32CubeIDE/plugins/com.st.stm32cube.ide.mcu.externaltools.gnu-tools-for-stm32.12.3.rel1.win32_1.1.0.202410251130/tools/bin/../lib/gcc/arm-none-eabi/12.3.1/../../../../arm-none-eabi/lib/thumb/v7e-m+fp/hard\libc_nano.a(libc_a-memset.o)
 .ARM.attributes
                0x000006c3       0x34 C:/ST/STM32CubeIDE_1.17.0/STM32CubeIDE/plugins/com.st.stm32cube.ide.mcu.externaltools.gnu-tools-for-stm32.12.3.rel1.win32_1.1.0.202410251130/tools/bin/../lib/gcc/arm-none-eabi/12.3.1/../../../../arm-none-eabi/lib/thumb/v7e-m+fp/hard\libc_nano.a(libc_a-reent.o)
 .ARM.attributes
                0x000006f7       0x34 C:/ST/STM32CubeIDE_1.17.0/STM32CubeIDE/plugins/com.st.stm32cube.ide.mcu.externaltools.gnu-tools-for-stm32.12.3.rel1.win32_1.1.0.202410251130/tools/bin/../lib/gcc/arm-none-eabi/12.3.1/../../../../arm-none-eabi/lib/thumb/v7e-m+fp/hard\libc_nano.a(libc_a-impure.o)
 .ARM.attributes
                0x0000072b       0x34 C:/ST/STM32CubeIDE_1.17.0/STM32CubeIDE/plugins/com.st.stm32cube.ide.mcu.externaltools.gnu-tools-for-stm32.12.3.rel1.win32_1.1.0.202410251130/tools/bin/../lib/gcc/arm-none-eabi/12.3.1/../../../../arm-none-eabi/lib/thumb/v7e-m+fp/hard\libc_nano.a(libc_a-init.o)
 .ARM.attributes
                0x0000075f       0x34 C:/ST/STM32CubeIDE_1.17.0/STM32CubeIDE/plugins/com.st.stm32cube.ide.mcu.externaltools.gnu-tools-for-stm32.12.3.rel1.win32_1.1.0.202410251130/tools/bin/../lib/gcc/arm-none-eabi/12.3.1/../../../../arm-none-eabi/lib/thumb/v7e-m+fp/hard\libc_nano.a(libc_a-lock.o)
 .ARM.attributes
                0x00000793       0x34 C:/ST/STM32CubeIDE_1.17.0/STM32CubeIDE/plugins/com.st.stm32cube.ide.mcu.externaltools.gnu-tools-for-stm32.12.3.rel1.win32_1.1.0.202410251130/tools/bin/../lib/gcc/arm-none-eabi/12.3.1/../../../../arm-none-eabi/lib/thumb/v7e-m+fp/hard\libc_nano.a(libc_a-freer.o)
 .ARM.attributes
                0x000007c7       0x34 C:/ST/STM32CubeIDE_1.17.0/STM32CubeIDE/plugins/com.st.stm32cube.ide.mcu.externaltools.gnu-tools-for-stm32.12.3.rel1.win32_1.1.0.202410251130/tools/bin/../lib/gcc/arm-none-eabi/12.3.1/../../../../arm-none-eabi/lib/thumb/v7e-m+fp/hard\libc_nano.a(libc_a-mallocr.o)
 .ARM.attributes
                0x000007fb       0x34 C:/ST/STM32CubeIDE_1.17.0/STM32CubeIDE/plugins/com.st.stm32cube.ide.mcu.externaltools.gnu-tools-for-stm32.12.3.rel1.win32_1.1.0.202410251130/tools/bin/../lib/gcc/arm-none-eabi/12.3.1/../../../../arm-none-eabi/lib/thumb/v7e-m+fp/hard\libc_nano.a(libc_a-mlock.o)
 .ARM.attributes
                0x0000082f       0x22 C:/ST/STM32CubeIDE_1.17.0/STM32CubeIDE/plugins/com.st.stm32cube.ide.mcu.externaltools.gnu-tools-for-stm32.12.3.rel1.win32_1.1.0.202410251130/tools/bin/../lib/gcc/arm-none-eabi/12.3.1/thumb/v7e-m+fp/hard\libgcc.a(_aeabi_uldivmod.o)
 .ARM.attributes
                0x00000851       0x34 C:/ST/STM32CubeIDE_1.17.0/STM32CubeIDE/plugins/com.st.stm32cube.ide.mcu.externaltools.gnu-tools-for-stm32.12.3.rel1.win32_1.1.0.202410251130/tools/bin/../lib/gcc/arm-none-eabi/12.3.1/thumb/v7e-m+fp/hard\libgcc.a(_udivmoddi4.o)
 .ARM.attributes
                0x00000885       0x22 C:/ST/STM32CubeIDE_1.17.0/STM32CubeIDE/plugins/com.st.stm32cube.ide.mcu.externaltools.gnu-tools-for-stm32.12.3.rel1.win32_1.1.0.202410251130/tools/bin/../lib/gcc/arm-none-eabi/12.3.1/thumb/v7e-m+fp/hard\libgcc.a(_dvmd_tls.o)
 .ARM.attributes
                0x000008a7       0x22 C:/ST/STM32CubeIDE_1.17.0/STM32CubeIDE/plugins/com.st.stm32cube.ide.mcu.externaltools.gnu-tools-for-stm32.12.3.rel1.win32_1.1.0.202410251130/tools/bin/../lib/gcc/arm-none-eabi/12.3.1/thumb/v7e-m+fp/hard/crtn.o
OUTPUT(ROBOT.elf elf32-littlearm)
LOAD linker stubs
LOAD C:/ST/STM32CubeIDE_1.17.0/STM32CubeIDE/plugins/com.st.stm32cube.ide.mcu.externaltools.gnu-tools-for-stm32.12.3.rel1.win32_1.1.0.202410251130/tools/bin/../lib/gcc/arm-none-eabi/12.3.1/../../../../arm-none-eabi/lib/thumb/v7e-m+fp/hard\libc.a
LOAD C:/ST/STM32CubeIDE_1.17.0/STM32CubeIDE/plugins/com.st.stm32cube.ide.mcu.externaltools.gnu-tools-for-stm32.12.3.rel1.win32_1.1.0.202410251130/tools/bin/../lib/gcc/arm-none-eabi/12.3.1/../../../../arm-none-eabi/lib/thumb/v7e-m+fp/hard\libm.a
LOAD C:/ST/STM32CubeIDE_1.17.0/STM32CubeIDE/plugins/com.st.stm32cube.ide.mcu.externaltools.gnu-tools-for-stm32.12.3.rel1.win32_1.1.0.202410251130/tools/bin/../lib/gcc/arm-none-eabi/12.3.1/thumb/v7e-m+fp/hard\libgcc.a

.debug_info     0x00000000    0x1abf9
 .debug_info    0x00000000      0xa34 ./Core/Src/DHT11.o
 .debug_info    0x00000a34      0xa86 ./Core/Src/NRF24L01.o
 .debug_info    0x000014ba      0x919 ./Core/Src/freertos.o
 .debug_info    0x00001dd3      0x74c ./Core/Src/gripper.o
 .debug_info    0x0000251f     0x2657 ./Core/Src/main.o
 .debug_info    0x00004b76      0x7a2 ./Core/Src/mechanism.o
 .debug_info    0x00005318      0x789 ./Core/Src/motor.o
 .debug_info    0x00005aa1      0x1b1 ./Core/Src/pump.o
 .debug_info    0x00005c52      0x74b ./Core/Src/servo.o
 .debug_info    0x0000639d      0x6f8 ./Core/Src/soil_moisture.o
 .debug_info    0x00006a95     0x16cf ./Core/Src/stm32f4xx_hal_msp.o
 .debug_info    0x00008164      0xc36 ./Core/Src/stm32f4xx_hal_timebase_tim.o
 .debug_info    0x00008d9a      0x6b3 ./Core/Src/stm32f4xx_it.o
 .debug_info    0x0000944d      0x54a ./Core/Src/system_stm32f4xx.o
 .debug_info    0x00009997       0x30 ./Core/Startup/startup_stm32f446retx.o
 .debug_info    0x000099c7      0x99a ./Drivers/STM32F4xx_HAL_Driver/Src/stm32f4xx_hal.o
 .debug_info    0x0000a361      0xcd4 ./Drivers/STM32F4xx_HAL_Driver/Src/stm32f4xx_hal_adc.o
 .debug_info    0x0000b035      0xdaa ./Drivers/STM32F4xx_HAL_Driver/Src/stm32f4xx_hal_cortex.o
 .debug_info    0x0000bddf      0x70b ./Drivers/STM32F4xx_HAL_Driver/Src/stm32f4xx_hal_gpio.o
 .debug_info    0x0000c4ea      0x8eb ./Drivers/STM32F4xx_HAL_Driver/Src/stm32f4xx_hal_rcc.o
 .debug_info    0x0000cdd5      0x956 ./Drivers/STM32F4xx_HAL_Driver/Src/stm32f4xx_hal_rcc_ex.o
 .debug_info    0x0000d72b     0x1525 ./Drivers/STM32F4xx_HAL_Driver/Src/stm32f4xx_hal_spi.o
 .debug_info    0x0000ec50     0x299d ./Drivers/STM32F4xx_HAL_Driver/Src/stm32f4xx_hal_tim.o
 .debug_info    0x000115ed     0x14db ./Drivers/STM32F4xx_HAL_Driver/Src/stm32f4xx_hal_tim_ex.o
 .debug_info    0x00012ac8     0x2f4f ./Drivers/STM32F4xx_HAL_Driver/Src/stm32f4xx_hal_uart.o
 .debug_info    0x00015a17     0x21e2 ./Middlewares/Third_Party/FreeRTOS/Source/CMSIS_RTOS/cmsis_os.o
 .debug_info    0x00017bf9      0x2af ./Middlewares/Third_Party/FreeRTOS/Source/list.o
 .debug_info    0x00017ea8     0x239e ./Middlewares/Third_Party/FreeRTOS/Source/tasks.o
 .debug_info    0x0001a246      0x4de ./Middlewares/Third_Party/FreeRTOS/Source/portable/GCC/ARM_CM4F/port.o
 .debug_info    0x0001a724      0x4d5 ./Middlewares/Third_Party/FreeRTOS/Source/portable/MemMang/heap_4.o

.debug_abbrev   0x00000000     0x3fd3
 .debug_abbrev  0x00000000      0x276 ./Core/Src/DHT11.o
 .debug_abbrev  0x00000276      0x290 ./Core/Src/NRF24L01.o
 .debug_abbrev  0x00000506      0x16f ./Core/Src/freertos.o
 .debug_abbrev  0x00000675      0x180 ./Core/Src/gripper.o
 .debug_abbrev  0x000007f5      0x3aa ./Core/Src/main.o
 .debug_abbrev  0x00000b9f      0x17d ./Core/Src/mechanism.o
 .debug_abbrev  0x00000d1c      0x18f ./Core/Src/motor.o
 .debug_abbrev  0x00000eab      0x103 ./Core/Src/pump.o
 .debug_abbrev  0x00000fae      0x190 ./Core/Src/servo.o
 .debug_abbrev  0x0000113e      0x1a9 ./Core/Src/soil_moisture.o
 .debug_abbrev  0x000012e7      0x23c ./Core/Src/stm32f4xx_hal_msp.o
 .debug_abbrev  0x00001523      0x1f4 ./Core/Src/stm32f4xx_hal_timebase_tim.o
 .debug_abbrev  0x00001717      0x17f ./Core/Src/stm32f4xx_it.o
 .debug_abbrev  0x00001896      0x11a ./Core/Src/system_stm32f4xx.o
 .debug_abbrev  0x000019b0       0x24 ./Core/Startup/startup_stm32f446retx.o
 .debug_abbrev  0x000019d4      0x214 ./Drivers/STM32F4xx_HAL_Driver/Src/stm32f4xx_hal.o
 .debug_abbrev  0x00001be8      0x252 ./Drivers/STM32F4xx_HAL_Driver/Src/stm32f4xx_hal_adc.o
 .debug_abbrev  0x00001e3a      0x31d ./Drivers/STM32F4xx_HAL_Driver/Src/stm32f4xx_hal_cortex.o
 .debug_abbrev  0x00002157      0x1d4 ./Drivers/STM32F4xx_HAL_Driver/Src/stm32f4xx_hal_gpio.o
 .debug_abbrev  0x0000232b      0x2b7 ./Drivers/STM32F4xx_HAL_Driver/Src/stm32f4xx_hal_rcc.o
 .debug_abbrev  0x000025e2      0x20a ./Drivers/STM32F4xx_HAL_Driver/Src/stm32f4xx_hal_rcc_ex.o
 .debug_abbrev  0x000027ec      0x27a ./Drivers/STM32F4xx_HAL_Driver/Src/stm32f4xx_hal_spi.o
 .debug_abbrev  0x00002a66      0x278 ./Drivers/STM32F4xx_HAL_Driver/Src/stm32f4xx_hal_tim.o
 .debug_abbrev  0x00002cde      0x283 ./Drivers/STM32F4xx_HAL_Driver/Src/stm32f4xx_hal_tim_ex.o
 .debug_abbrev  0x00002f61      0x30e ./Drivers/STM32F4xx_HAL_Driver/Src/stm32f4xx_hal_uart.o
 .debug_abbrev  0x0000326f      0x426 ./Middlewares/Third_Party/FreeRTOS/Source/CMSIS_RTOS/cmsis_os.o
 .debug_abbrev  0x00003695       0xf5 ./Middlewares/Third_Party/FreeRTOS/Source/list.o
 .debug_abbrev  0x0000378a      0x3d0 ./Middlewares/Third_Party/FreeRTOS/Source/tasks.o
 .debug_abbrev  0x00003b5a      0x25c ./Middlewares/Third_Party/FreeRTOS/Source/portable/GCC/ARM_CM4F/port.o
 .debug_abbrev  0x00003db6      0x21d ./Middlewares/Third_Party/FreeRTOS/Source/portable/MemMang/heap_4.o

.debug_aranges  0x00000000     0x1610
 .debug_aranges
                0x00000000       0x38 ./Core/Src/DHT11.o
 .debug_aranges
                0x00000038       0xa0 ./Core/Src/NRF24L01.o
 .debug_aranges
                0x000000d8       0x20 ./Core/Src/freertos.o
 .debug_aranges
                0x000000f8       0x30 ./Core/Src/gripper.o
 .debug_aranges
                0x00000128       0xa8 ./Core/Src/main.o
 .debug_aranges
                0x000001d0       0x48 ./Core/Src/mechanism.o
 .debug_aranges
                0x00000218       0x28 ./Core/Src/motor.o
 .debug_aranges
                0x00000240       0x20 ./Core/Src/pump.o
 .debug_aranges
                0x00000260       0x28 ./Core/Src/servo.o
 .debug_aranges
                0x00000288       0x28 ./Core/Src/soil_moisture.o
 .debug_aranges
                0x000002b0       0x78 ./Core/Src/stm32f4xx_hal_msp.o
 .debug_aranges
                0x00000328       0x30 ./Core/Src/stm32f4xx_hal_timebase_tim.o
 .debug_aranges
                0x00000358       0x50 ./Core/Src/stm32f4xx_it.o
 .debug_aranges
                0x000003a8       0x28 ./Core/Src/system_stm32f4xx.o
 .debug_aranges
                0x000003d0       0x28 ./Core/Startup/startup_stm32f446retx.o
 .debug_aranges
                0x000003f8       0xf0 ./Drivers/STM32F4xx_HAL_Driver/Src/stm32f4xx_hal.o
 .debug_aranges
                0x000004e8       0xe8 ./Drivers/STM32F4xx_HAL_Driver/Src/stm32f4xx_hal_adc.o
 .debug_aranges
                0x000005d0      0x130 ./Drivers/STM32F4xx_HAL_Driver/Src/stm32f4xx_hal_cortex.o
 .debug_aranges
                0x00000700       0x58 ./Drivers/STM32F4xx_HAL_Driver/Src/stm32f4xx_hal_gpio.o
 .debug_aranges
                0x00000758       0x88 ./Drivers/STM32F4xx_HAL_Driver/Src/stm32f4xx_hal_rcc.o
 .debug_aranges
                0x000007e0       0x78 ./Drivers/STM32F4xx_HAL_Driver/Src/stm32f4xx_hal_rcc_ex.o
 .debug_aranges
                0x00000858      0x1d0 ./Drivers/STM32F4xx_HAL_Driver/Src/stm32f4xx_hal_spi.o
 .debug_aranges
                0x00000a28      0x3d0 ./Drivers/STM32F4xx_HAL_Driver/Src/stm32f4xx_hal_tim.o
 .debug_aranges
                0x00000df8      0x168 ./Drivers/STM32F4xx_HAL_Driver/Src/stm32f4xx_hal_tim_ex.o
 .debug_aranges
                0x00000f60      0x208 ./Drivers/STM32F4xx_HAL_Driver/Src/stm32f4xx_hal_uart.o
 .debug_aranges
                0x00001168      0x1d8 ./Middlewares/Third_Party/FreeRTOS/Source/CMSIS_RTOS/cmsis_os.o
 .debug_aranges
                0x00001340       0x40 ./Middlewares/Third_Party/FreeRTOS/Source/list.o
 .debug_aranges
                0x00001380      0x1b8 ./Middlewares/Third_Party/FreeRTOS/Source/tasks.o
 .debug_aranges
                0x00001538       0x80 ./Middlewares/Third_Party/FreeRTOS/Source/portable/GCC/ARM_CM4F/port.o
 .debug_aranges
                0x000015b8       0x58 ./Middlewares/Third_Party/FreeRTOS/Source/portable/MemMang/heap_4.o

.debug_rnglists
                0x00000000     0x110b
 .debug_rnglists
                0x00000000       0x26 ./Core/Src/DHT11.o
 .debug_rnglists
                0x00000026       0x75 ./Core/Src/NRF24L01.o
 .debug_rnglists
                0x0000009b       0x13 ./Core/Src/freertos.o
 .debug_rnglists
                0x000000ae       0x1f ./Core/Src/gripper.o
 .debug_rnglists
                0x000000cd       0x83 ./Core/Src/main.o
 .debug_rnglists
                0x00000150       0x31 ./Core/Src/mechanism.o
 .debug_rnglists
                0x00000181       0x1a ./Core/Src/motor.o
 .debug_rnglists
                0x0000019b       0x13 ./Core/Src/pump.o
 .debug_rnglists
                0x000001ae       0x1a ./Core/Src/servo.o
 .debug_rnglists
                0x000001c8       0x1a ./Core/Src/soil_moisture.o
 .debug_rnglists
                0x000001e2       0x5b ./Core/Src/stm32f4xx_hal_msp.o
 .debug_rnglists
                0x0000023d       0x20 ./Core/Src/stm32f4xx_hal_timebase_tim.o
 .debug_rnglists
                0x0000025d       0x37 ./Core/Src/stm32f4xx_it.o
 .debug_rnglists
                0x00000294       0x1a ./Core/Src/system_stm32f4xx.o
 .debug_rnglists
                0x000002ae       0x19 ./Core/Startup/startup_stm32f446retx.o
 .debug_rnglists
                0x000002c7       0xaf ./Drivers/STM32F4xx_HAL_Driver/Src/stm32f4xx_hal.o
 .debug_rnglists
                0x00000376       0xb5 ./Drivers/STM32F4xx_HAL_Driver/Src/stm32f4xx_hal_adc.o
 .debug_rnglists
                0x0000042b       0xe0 ./Drivers/STM32F4xx_HAL_Driver/Src/stm32f4xx_hal_cortex.o
 .debug_rnglists
                0x0000050b       0x3f ./Drivers/STM32F4xx_HAL_Driver/Src/stm32f4xx_hal_gpio.o
 .debug_rnglists
                0x0000054a       0x66 ./Drivers/STM32F4xx_HAL_Driver/Src/stm32f4xx_hal_rcc.o
 .debug_rnglists
                0x000005b0       0x5e ./Drivers/STM32F4xx_HAL_Driver/Src/stm32f4xx_hal_rcc_ex.o
 .debug_rnglists
                0x0000060e      0x16f ./Drivers/STM32F4xx_HAL_Driver/Src/stm32f4xx_hal_spi.o
 .debug_rnglists
                0x0000077d      0x31a ./Drivers/STM32F4xx_HAL_Driver/Src/stm32f4xx_hal_tim.o
 .debug_rnglists
                0x00000a97      0x125 ./Drivers/STM32F4xx_HAL_Driver/Src/stm32f4xx_hal_tim_ex.o
 .debug_rnglists
                0x00000bbc      0x1bc ./Drivers/STM32F4xx_HAL_Driver/Src/stm32f4xx_hal_uart.o
 .debug_rnglists
                0x00000d78      0x16a ./Middlewares/Third_Party/FreeRTOS/Source/CMSIS_RTOS/cmsis_os.o
 .debug_rnglists
                0x00000ee2       0x2b ./Middlewares/Third_Party/FreeRTOS/Source/list.o
 .debug_rnglists
                0x00000f0d      0x15f ./Middlewares/Third_Party/FreeRTOS/Source/tasks.o
 .debug_rnglists
                0x0000106c       0x5d ./Middlewares/Third_Party/FreeRTOS/Source/portable/GCC/ARM_CM4F/port.o
 .debug_rnglists
                0x000010c9       0x42 ./Middlewares/Third_Party/FreeRTOS/Source/portable/MemMang/heap_4.o

.debug_macro    0x00000000    0x264a4
 .debug_macro   0x00000000      0x316 ./Core/Src/DHT11.o
 .debug_macro   0x00000316      0xab4 ./Core/Src/DHT11.o
 .debug_macro   0x00000dca      0x2a7 ./Core/Src/DHT11.o
 .debug_macro   0x00001071       0x2e ./Core/Src/DHT11.o
 .debug_macro   0x0000109f       0x28 ./Core/Src/DHT11.o
 .debug_macro   0x000010c7       0x22 ./Core/Src/DHT11.o
 .debug_macro   0x000010e9       0x8e ./Core/Src/DHT11.o
 .debug_macro   0x00001177       0x51 ./Core/Src/DHT11.o
 .debug_macro   0x000011c8      0x103 ./Core/Src/DHT11.o
 .debug_macro   0x000012cb       0x6a ./Core/Src/DHT11.o
 .debug_macro   0x00001335      0x1df ./Core/Src/DHT11.o
 .debug_macro   0x00001514       0x1c ./Core/Src/DHT11.o
 .debug_macro   0x00001530       0x22 ./Core/Src/DHT11.o
 .debug_macro   0x00001552       0xfb ./Core/Src/DHT11.o
 .debug_macro   0x0000164d     0x1011 ./Core/Src/DHT11.o
 .debug_macro   0x0000265e      0x11f ./Core/Src/DHT11.o
 .debug_macro   0x0000277d    0x16749 ./Core/Src/DHT11.o
 .debug_macro   0x00018ec6       0x6d ./Core/Src/DHT11.o
 .debug_macro   0x00018f33     0x369a ./Core/Src/DHT11.o
 .debug_macro   0x0001c5cd      0x189 ./Core/Src/DHT11.o
 .debug_macro   0x0001c756       0x5c ./Core/Src/DHT11.o
 .debug_macro   0x0001c7b2      0xca5 ./Core/Src/DHT11.o
 .debug_macro   0x0001d457      0x9e9 ./Core/Src/DHT11.o
 .debug_macro   0x0001de40      0x115 ./Core/Src/DHT11.o
 .debug_macro   0x0001df55      0x1a0 ./Core/Src/DHT11.o
 .debug_macro   0x0001e0f5       0xa5 ./Core/Src/DHT11.o
 .debug_macro   0x0001e19a      0x16d ./Core/Src/DHT11.o
 .debug_macro   0x0001e307      0x287 ./Core/Src/DHT11.o
 .debug_macro   0x0001e58e       0x5f ./Core/Src/DHT11.o
 .debug_macro   0x0001e5ed      0x236 ./Core/Src/DHT11.o
 .debug_macro   0x0001e823      0xb5b ./Core/Src/DHT11.o
 .debug_macro   0x0001f37e      0x38b ./Core/Src/DHT11.o
 .debug_macro   0x0001f709      0x17d ./Core/Src/DHT11.o
 .debug_macro   0x0001f886       0xf9 ./Core/Src/DHT11.o
 .debug_macro   0x0001f97f      0x132 ./Core/Src/DHT11.o
 .debug_macro   0x0001fab1      0x29c ./Core/Src/DHT11.o
 .debug_macro   0x0001fd4d       0x2e ./Core/Src/DHT11.o
 .debug_macro   0x0001fd7b      0x127 ./Core/Src/DHT11.o
 .debug_macro   0x0001fea2       0xe8 ./Core/Src/DHT11.o
 .debug_macro   0x0001ff8a       0x89 ./Core/Src/DHT11.o
 .debug_macro   0x00020013      0x225 ./Core/Src/DHT11.o
 .debug_macro   0x00020238      0x8ed ./Core/Src/DHT11.o
 .debug_macro   0x00020b25       0x53 ./Core/Src/DHT11.o
 .debug_macro   0x00020b78      0x2aa ./Core/Src/DHT11.o
 .debug_macro   0x00020e22      0x126 ./Core/Src/DHT11.o
 .debug_macro   0x00020f48       0xb8 ./Core/Src/DHT11.o
 .debug_macro   0x00021000       0x10 ./Core/Src/DHT11.o
 .debug_macro   0x00021010       0x61 ./Core/Src/DHT11.o
 .debug_macro   0x00021071       0x2a ./Core/Src/DHT11.o
 .debug_macro   0x0002109b       0x43 ./Core/Src/DHT11.o
 .debug_macro   0x000210de       0x34 ./Core/Src/DHT11.o
 .debug_macro   0x00021112       0x16 ./Core/Src/DHT11.o
 .debug_macro   0x00021128       0x43 ./Core/Src/DHT11.o
 .debug_macro   0x0002116b       0x34 ./Core/Src/DHT11.o
 .debug_macro   0x0002119f       0x10 ./Core/Src/DHT11.o
 .debug_macro   0x000211af       0x58 ./Core/Src/DHT11.o
 .debug_macro   0x00021207       0x8e ./Core/Src/DHT11.o
 .debug_macro   0x00021295       0x1c ./Core/Src/DHT11.o
 .debug_macro   0x000212b1      0x177 ./Core/Src/DHT11.o
 .debug_macro   0x00021428      0x369 ./Core/Src/DHT11.o
 .debug_macro   0x00021791       0x10 ./Core/Src/DHT11.o
 .debug_macro   0x000217a1       0x35 ./Core/Src/DHT11.o
 .debug_macro   0x000217d6       0x20 ./Core/Src/DHT11.o
 .debug_macro   0x000217f6      0x227 ./Core/Src/NRF24L01.o
 .debug_macro   0x00021a1d       0xee ./Core/Src/NRF24L01.o
 .debug_macro   0x00021b0b      0x314 ./Core/Src/freertos.o
 .debug_macro   0x00021e1f       0xf1 ./Core/Src/freertos.o
 .debug_macro   0x00021f10      0x15a ./Core/Src/freertos.o
 .debug_macro   0x0002206a       0xde ./Core/Src/freertos.o
 .debug_macro   0x00022148       0x1c ./Core/Src/freertos.o
 .debug_macro   0x00022164       0x26 ./Core/Src/freertos.o
 .debug_macro   0x0002218a       0x10 ./Core/Src/freertos.o
 .debug_macro   0x0002219a      0x4fe ./Core/Src/freertos.o
 .debug_macro   0x00022698       0xb5 ./Core/Src/freertos.o
 .debug_macro   0x0002274d       0xaa ./Core/Src/freertos.o
 .debug_macro   0x000227f7      0x223 ./Core/Src/gripper.o
 .debug_macro   0x00022a1a      0x3bd ./Core/Src/main.o
 .debug_macro   0x00022dd7       0xf1 ./Core/Src/main.o
 .debug_macro   0x00022ec8       0x91 ./Core/Src/main.o
 .debug_macro   0x00022f59       0x8d ./Core/Src/main.o
 .debug_macro   0x00022fe6       0x7e ./Core/Src/main.o
 .debug_macro   0x00023064       0x19 ./Core/Src/main.o
 .debug_macro   0x0002307d       0xf2 ./Core/Src/main.o
 .debug_macro   0x0002316f       0x10 ./Core/Src/main.o
 .debug_macro   0x0002317f       0x1c ./Core/Src/main.o
 .debug_macro   0x0002319b       0x16 ./Core/Src/main.o
 .debug_macro   0x000231b1       0x16 ./Core/Src/main.o
 .debug_macro   0x000231c7       0x22 ./Core/Src/main.o
 .debug_macro   0x000231e9      0x228 ./Core/Src/mechanism.o
 .debug_macro   0x00023411      0x21e ./Core/Src/motor.o
 .debug_macro   0x0002362f      0x21e ./Core/Src/pump.o
 .debug_macro   0x0002384d       0x10 ./Core/Src/pump.o
 .debug_macro   0x0002385d      0x219 ./Core/Src/servo.o
 .debug_macro   0x00023a76      0x21e ./Core/Src/soil_moisture.o
 .debug_macro   0x00023c94       0x16 ./Core/Src/soil_moisture.o
 .debug_macro   0x00023caa      0x20f ./Core/Src/stm32f4xx_hal_msp.o
 .debug_macro   0x00023eb9      0x200 ./Core/Src/stm32f4xx_hal_timebase_tim.o
 .debug_macro   0x000240b9      0x219 ./Core/Src/stm32f4xx_it.o
 .debug_macro   0x000242d2      0x200 ./Core/Src/system_stm32f4xx.o
 .debug_macro   0x000244d2      0x260 ./Drivers/STM32F4xx_HAL_Driver/Src/stm32f4xx_hal.o
 .debug_macro   0x00024732      0x201 ./Drivers/STM32F4xx_HAL_Driver/Src/stm32f4xx_hal_adc.o
 .debug_macro   0x00024933      0x200 ./Drivers/STM32F4xx_HAL_Driver/Src/stm32f4xx_hal_cortex.o
 .debug_macro   0x00024b33      0x206 ./Drivers/STM32F4xx_HAL_Driver/Src/stm32f4xx_hal_gpio.o
 .debug_macro   0x00024d39      0x224 ./Drivers/STM32F4xx_HAL_Driver/Src/stm32f4xx_hal_rcc.o
 .debug_macro   0x00024f5d      0x200 ./Drivers/STM32F4xx_HAL_Driver/Src/stm32f4xx_hal_rcc_ex.o
 .debug_macro   0x0002515d      0x20f ./Drivers/STM32F4xx_HAL_Driver/Src/stm32f4xx_hal_spi.o
 .debug_macro   0x0002536c      0x201 ./Drivers/STM32F4xx_HAL_Driver/Src/stm32f4xx_hal_tim.o
 .debug_macro   0x0002556d      0x200 ./Drivers/STM32F4xx_HAL_Driver/Src/stm32f4xx_hal_tim_ex.o
 .debug_macro   0x0002576d      0x201 ./Drivers/STM32F4xx_HAL_Driver/Src/stm32f4xx_hal_uart.o
 .debug_macro   0x0002596e      0x210 ./Middlewares/Third_Party/FreeRTOS/Source/CMSIS_RTOS/cmsis_os.o
 .debug_macro   0x00025b7e       0x16 ./Middlewares/Third_Party/FreeRTOS/Source/CMSIS_RTOS/cmsis_os.o
 .debug_macro   0x00025b94       0xe9 ./Middlewares/Third_Party/FreeRTOS/Source/CMSIS_RTOS/cmsis_os.o
 .debug_macro   0x00025c7d      0x199 ./Middlewares/Third_Party/FreeRTOS/Source/list.o
 .debug_macro   0x00025e16      0x28b ./Middlewares/Third_Party/FreeRTOS/Source/tasks.o
 .debug_macro   0x000260a1       0x10 ./Middlewares/Third_Party/FreeRTOS/Source/tasks.o
 .debug_macro   0x000260b1      0x233 ./Middlewares/Third_Party/FreeRTOS/Source/portable/GCC/ARM_CM4F/port.o
 .debug_macro   0x000262e4      0x1c0 ./Middlewares/Third_Party/FreeRTOS/Source/portable/MemMang/heap_4.o

.debug_line     0x00000000    0x1bd78
 .debug_line    0x00000000      0xb5c ./Core/Src/DHT11.o
 .debug_line    0x00000b5c      0xa9e ./Core/Src/NRF24L01.o
 .debug_line    0x000015fa      0x9d2 ./Core/Src/freertos.o
 .debug_line    0x00001fcc      0x7e0 ./Core/Src/gripper.o
 .debug_line    0x000027ac      0xf81 ./Core/Src/main.o
 .debug_line    0x0000372d      0x83a ./Core/Src/mechanism.o
 .debug_line    0x00003f67      0x81d ./Core/Src/motor.o
 .debug_line    0x00004784      0x7a0 ./Core/Src/pump.o
 .debug_line    0x00004f24      0x81f ./Core/Src/servo.o
 .debug_line    0x00005743      0x874 ./Core/Src/soil_moisture.o
 .debug_line    0x00005fb7      0x9fb ./Core/Src/stm32f4xx_hal_msp.o
 .debug_line    0x000069b2      0x812 ./Core/Src/stm32f4xx_hal_timebase_tim.o
 .debug_line    0x000071c4      0x842 ./Core/Src/stm32f4xx_it.o
 .debug_line    0x00007a06      0x829 ./Core/Src/system_stm32f4xx.o
 .debug_line    0x0000822f       0x7a ./Core/Startup/startup_stm32f446retx.o
 .debug_line    0x000082a9      0xa92 ./Drivers/STM32F4xx_HAL_Driver/Src/stm32f4xx_hal.o
 .debug_line    0x00008d3b     0x1326 ./Drivers/STM32F4xx_HAL_Driver/Src/stm32f4xx_hal_adc.o
 .debug_line    0x0000a061      0xd84 ./Drivers/STM32F4xx_HAL_Driver/Src/stm32f4xx_hal_cortex.o
 .debug_line    0x0000ade5      0xc0a ./Drivers/STM32F4xx_HAL_Driver/Src/stm32f4xx_hal_gpio.o
 .debug_line    0x0000b9ef      0xe29 ./Drivers/STM32F4xx_HAL_Driver/Src/stm32f4xx_hal_rcc.o
 .debug_line    0x0000c818     0x1499 ./Drivers/STM32F4xx_HAL_Driver/Src/stm32f4xx_hal_rcc_ex.o
 .debug_line    0x0000dcb1     0x1db0 ./Drivers/STM32F4xx_HAL_Driver/Src/stm32f4xx_hal_spi.o
 .debug_line    0x0000fa61     0x3836 ./Drivers/STM32F4xx_HAL_Driver/Src/stm32f4xx_hal_tim.o
 .debug_line    0x00013297     0x1a88 ./Drivers/STM32F4xx_HAL_Driver/Src/stm32f4xx_hal_tim_ex.o
 .debug_line    0x00014d1f     0x2964 ./Drivers/STM32F4xx_HAL_Driver/Src/stm32f4xx_hal_uart.o
 .debug_line    0x00017683     0x1267 ./Middlewares/Third_Party/FreeRTOS/Source/CMSIS_RTOS/cmsis_os.o
 .debug_line    0x000188ea      0x797 ./Middlewares/Third_Party/FreeRTOS/Source/list.o
 .debug_line    0x00019081     0x19d5 ./Middlewares/Third_Party/FreeRTOS/Source/tasks.o
 .debug_line    0x0001aa56      0x960 ./Middlewares/Third_Party/FreeRTOS/Source/portable/GCC/ARM_CM4F/port.o
 .debug_line    0x0001b3b6      0x9c2 ./Middlewares/Third_Party/FreeRTOS/Source/portable/MemMang/heap_4.o

.debug_str      0x00000000    0xe80fb
 .debug_str     0x00000000    0xda89a ./Core/Src/DHT11.o
                              0xdac23 (size before relaxing)
 .debug_str     0x000da89a      0x5d6 ./Core/Src/NRF24L01.o
                              0xd7969 (size before relaxing)
 .debug_str     0x000dae70     0x41fc ./Core/Src/freertos.o
                              0xdd0bc (size before relaxing)
 .debug_str     0x000df06c       0x8d ./Core/Src/gripper.o
                              0xd788f (size before relaxing)
 .debug_str     0x000df0f9     0x2e89 ./Core/Src/main.o
                              0xe0a52 (size before relaxing)
 .debug_str     0x000e1f82       0x6c ./Core/Src/mechanism.o
                              0xd7923 (size before relaxing)
 .debug_str     0x000e1fee       0x39 ./Core/Src/motor.o
                              0xd78f4 (size before relaxing)
 .debug_str     0x000e2027       0x13 ./Core/Src/pump.o
                              0xd739b (size before relaxing)
 .debug_str     0x000e203a       0x2b ./Core/Src/servo.o
                              0xd78b7 (size before relaxing)
 .debug_str     0x000e2065       0x6b ./Core/Src/soil_moisture.o
                              0xd780d (size before relaxing)
 .debug_str     0x000e20d0      0x660 ./Core/Src/stm32f4xx_hal_msp.o
                              0xd8569 (size before relaxing)
 .debug_str     0x000e2730       0xe5 ./Core/Src/stm32f4xx_hal_timebase_tim.o
                              0xd7d58 (size before relaxing)
 .debug_str     0x000e2815       0xbe ./Core/Src/stm32f4xx_it.o
                              0xd78b8 (size before relaxing)
 .debug_str     0x000e28d3       0xdb ./Core/Src/system_stm32f4xx.o
                              0xd7230 (size before relaxing)
 .debug_str     0x000e29ae       0x44 ./Core/Startup/startup_stm32f446retx.o
                                 0x74 (size before relaxing)
 .debug_str     0x000e29f2      0x5b3 ./Drivers/STM32F4xx_HAL_Driver/Src/stm32f4xx_hal.o
                              0xd7df5 (size before relaxing)
 .debug_str     0x000e2fa5      0x288 ./Drivers/STM32F4xx_HAL_Driver/Src/stm32f4xx_hal_adc.o
                              0xd77f8 (size before relaxing)
 .debug_str     0x000e322d      0x358 ./Drivers/STM32F4xx_HAL_Driver/Src/stm32f4xx_hal_cortex.o
                              0xd7b4c (size before relaxing)
 .debug_str     0x000e3585      0x110 ./Drivers/STM32F4xx_HAL_Driver/Src/stm32f4xx_hal_gpio.o
                              0xd73ab (size before relaxing)
 .debug_str     0x000e3695      0x1fd ./Drivers/STM32F4xx_HAL_Driver/Src/stm32f4xx_hal_rcc.o
                              0xd7669 (size before relaxing)
 .debug_str     0x000e3892      0x324 ./Drivers/STM32F4xx_HAL_Driver/Src/stm32f4xx_hal_rcc_ex.o
                              0xd769c (size before relaxing)
 .debug_str     0x000e3bb6      0x551 ./Drivers/STM32F4xx_HAL_Driver/Src/stm32f4xx_hal_spi.o
                              0xd7ac9 (size before relaxing)
 .debug_str     0x000e4107      0xcb9 ./Drivers/STM32F4xx_HAL_Driver/Src/stm32f4xx_hal_tim.o
                              0xd8595 (size before relaxing)
 .debug_str     0x000e4dc0      0x493 ./Drivers/STM32F4xx_HAL_Driver/Src/stm32f4xx_hal_tim_ex.o
                              0xd7da1 (size before relaxing)
 .debug_str     0x000e5253      0x60d ./Drivers/STM32F4xx_HAL_Driver/Src/stm32f4xx_hal_uart.o
                              0xd7c20 (size before relaxing)
 .debug_str     0x000e5860      0xa99 ./Middlewares/Third_Party/FreeRTOS/Source/CMSIS_RTOS/cmsis_os.o
                               0xed59 (size before relaxing)
 .debug_str     0x000e62f9      0x20f ./Middlewares/Third_Party/FreeRTOS/Source/list.o
                               0xab10 (size before relaxing)
 .debug_str     0x000e6508     0x1143 ./Middlewares/Third_Party/FreeRTOS/Source/tasks.o
                               0xd1ca (size before relaxing)
 .debug_str     0x000e764b      0x783 ./Middlewares/Third_Party/FreeRTOS/Source/portable/GCC/ARM_CM4F/port.o
                               0xa2c4 (size before relaxing)
 .debug_str     0x000e7dce      0x32d ./Middlewares/Third_Party/FreeRTOS/Source/portable/MemMang/heap_4.o
                               0xb452 (size before relaxing)

.comment        0x00000000       0x43
 .comment       0x00000000       0x43 ./Core/Src/DHT11.o
                                 0x44 (size before relaxing)
 .comment       0x00000043       0x44 ./Core/Src/NRF24L01.o
 .comment       0x00000043       0x44 ./Core/Src/freertos.o
 .comment       0x00000043       0x44 ./Core/Src/gripper.o
 .comment       0x00000043       0x44 ./Core/Src/main.o
 .comment       0x00000043       0x44 ./Core/Src/mechanism.o
 .comment       0x00000043       0x44 ./Core/Src/motor.o
 .comment       0x00000043       0x44 ./Core/Src/pump.o
 .comment       0x00000043       0x44 ./Core/Src/servo.o
 .comment       0x00000043       0x44 ./Core/Src/soil_moisture.o
 .comment       0x00000043       0x44 ./Core/Src/stm32f4xx_hal_msp.o
 .comment       0x00000043       0x44 ./Core/Src/stm32f4xx_hal_timebase_tim.o
 .comment       0x00000043       0x44 ./Core/Src/stm32f4xx_it.o
 .comment       0x00000043       0x44 ./Core/Src/system_stm32f4xx.o
 .comment       0x00000043       0x44 ./Drivers/STM32F4xx_HAL_Driver/Src/stm32f4xx_hal.o
 .comment       0x00000043       0x44 ./Drivers/STM32F4xx_HAL_Driver/Src/stm32f4xx_hal_adc.o
 .comment       0x00000043       0x44 ./Drivers/STM32F4xx_HAL_Driver/Src/stm32f4xx_hal_cortex.o
 .comment       0x00000043       0x44 ./Drivers/STM32F4xx_HAL_Driver/Src/stm32f4xx_hal_gpio.o
 .comment       0x00000043       0x44 ./Drivers/STM32F4xx_HAL_Driver/Src/stm32f4xx_hal_rcc.o
 .comment       0x00000043       0x44 ./Drivers/STM32F4xx_HAL_Driver/Src/stm32f4xx_hal_rcc_ex.o
 .comment       0x00000043       0x44 ./Drivers/STM32F4xx_HAL_Driver/Src/stm32f4xx_hal_spi.o
 .comment       0x00000043       0x44 ./Drivers/STM32F4xx_HAL_Driver/Src/stm32f4xx_hal_tim.o
 .comment       0x00000043       0x44 ./Drivers/STM32F4xx_HAL_Driver/Src/stm32f4xx_hal_tim_ex.o
 .comment       0x00000043       0x44 ./Drivers/STM32F4xx_HAL_Driver/Src/stm32f4xx_hal_uart.o
 .comment       0x00000043       0x44 ./Middlewares/Third_Party/FreeRTOS/Source/CMSIS_RTOS/cmsis_os.o
 .comment       0x00000043       0x44 ./Middlewares/Third_Party/FreeRTOS/Source/list.o
 .comment       0x00000043       0x44 ./Middlewares/Third_Party/FreeRTOS/Source/tasks.o
 .comment       0x00000043       0x44 ./Middlewares/Third_Party/FreeRTOS/Source/portable/GCC/ARM_CM4F/port.o
 .comment       0x00000043       0x44 ./Middlewares/Third_Party/FreeRTOS/Source/portable/MemMang/heap_4.o

.debug_frame    0x00000000     0x5d40
 .debug_frame   0x00000000       0xa8 ./Core/Src/DHT11.o