Archive member included to satisfy reference by file (symbol)

D:/APK KULIAH/STM32/aplikasinya/STM32CubeIDE_1.16.1/STM32CubeIDE/plugins/com.st.stm32cube.ide.mcu.externaltools.gnu-tools-for-stm32.12.3.rel1.win32_1.0.200.202406191623/tools/bin/../lib/gcc/arm-none-eabi/12.3.1/../../../../arm-none-eabi/lib/thumb/v7-m/nofp\libc_nano.a(libc_a-exit.o)
                              D:/APK KULIAH/STM32/aplikasinya/STM32CubeIDE_1.16.1/STM32CubeIDE/plugins/com.st.stm32cube.ide.mcu.externaltools.gnu-tools-for-stm32.12.3.rel1.win32_1.0.200.202406191623/tools/bin/../lib/gcc/arm-none-eabi/12.3.1/../../../../arm-none-eabi/lib/thumb/v7-m/nofp/crt0.o (exit)
D:/APK KULIAH/STM32/aplikasinya/STM32CubeIDE_1.16.1/STM32CubeIDE/plugins/com.st.stm32cube.ide.mcu.externaltools.gnu-tools-for-stm32.12.3.rel1.win32_1.0.200.202406191623/tools/bin/../lib/gcc/arm-none-eabi/12.3.1/../../../../arm-none-eabi/lib/thumb/v7-m/nofp\libc_nano.a(libc_a-findfp.o)
                              D:/APK KULIAH/STM32/aplikasinya/STM32CubeIDE_1.16.1/STM32CubeIDE/plugins/com.st.stm32cube.ide.mcu.externaltools.gnu-tools-for-stm32.12.3.rel1.win32_1.0.200.202406191623/tools/bin/../lib/gcc/arm-none-eabi/12.3.1/../../../../arm-none-eabi/lib/thumb/v7-m/nofp\libc_nano.a(libc_a-exit.o) (__stdio_exit_handler)
D:/APK KULIAH/STM32/aplikasinya/STM32CubeIDE_1.16.1/STM32CubeIDE/plugins/com.st.stm32cube.ide.mcu.externaltools.gnu-tools-for-stm32.12.3.rel1.win32_1.0.200.202406191623/tools/bin/../lib/gcc/arm-none-eabi/12.3.1/../../../../arm-none-eabi/lib/thumb/v7-m/nofp\libc_nano.a(libc_a-fwalk.o)
                              D:/APK KULIAH/STM32/aplikasinya/STM32CubeIDE_1.16.1/STM32CubeIDE/plugins/com.st.stm32cube.ide.mcu.externaltools.gnu-tools-for-stm32.12.3.rel1.win32_1.0.200.202406191623/tools/bin/../lib/gcc/arm-none-eabi/12.3.1/../../../../arm-none-eabi/lib/thumb/v7-m/nofp\libc_nano.a(libc_a-findfp.o) (_fwalk_sglue)
D:/APK KULIAH/STM32/aplikasinya/STM32CubeIDE_1.16.1/STM32CubeIDE/plugins/com.st.stm32cube.ide.mcu.externaltools.gnu-tools-for-stm32.12.3.rel1.win32_1.0.200.202406191623/tools/bin/../lib/gcc/arm-none-eabi/12.3.1/../../../../arm-none-eabi/lib/thumb/v7-m/nofp\libc_nano.a(libc_a-stdio.o)
                              D:/APK KULIAH/STM32/aplikasinya/STM32CubeIDE_1.16.1/STM32CubeIDE/plugins/com.st.stm32cube.ide.mcu.externaltools.gnu-tools-for-stm32.12.3.rel1.win32_1.0.200.202406191623/tools/bin/../lib/gcc/arm-none-eabi/12.3.1/../../../../arm-none-eabi/lib/thumb/v7-m/nofp\libc_nano.a(libc_a-findfp.o) (__sread)
D:/APK KULIAH/STM32/aplikasinya/STM32CubeIDE_1.16.1/STM32CubeIDE/plugins/com.st.stm32cube.ide.mcu.externaltools.gnu-tools-for-stm32.12.3.rel1.win32_1.0.200.202406191623/tools/bin/../lib/gcc/arm-none-eabi/12.3.1/../../../../arm-none-eabi/lib/thumb/v7-m/nofp\libc_nano.a(libc_a-memset.o)
                              D:/APK KULIAH/STM32/aplikasinya/STM32CubeIDE_1.16.1/STM32CubeIDE/plugins/com.st.stm32cube.ide.mcu.externaltools.gnu-tools-for-stm32.12.3.rel1.win32_1.0.200.202406191623/tools/bin/../lib/gcc/arm-none-eabi/12.3.1/../../../../arm-none-eabi/lib/thumb/v7-m/nofp/crt0.o (memset)
D:/APK KULIAH/STM32/aplikasinya/STM32CubeIDE_1.16.1/STM32CubeIDE/plugins/com.st.stm32cube.ide.mcu.externaltools.gnu-tools-for-stm32.12.3.rel1.win32_1.0.200.202406191623/tools/bin/../lib/gcc/arm-none-eabi/12.3.1/../../../../arm-none-eabi/lib/thumb/v7-m/nofp\libc_nano.a(libc_a-closer.o)
                              D:/APK KULIAH/STM32/aplikasinya/STM32CubeIDE_1.16.1/STM32CubeIDE/plugins/com.st.stm32cube.ide.mcu.externaltools.gnu-tools-for-stm32.12.3.rel1.win32_1.0.200.202406191623/tools/bin/../lib/gcc/arm-none-eabi/12.3.1/../../../../arm-none-eabi/lib/thumb/v7-m/nofp\libc_nano.a(libc_a-stdio.o) (_close_r)
D:/APK KULIAH/STM32/aplikasinya/STM32CubeIDE_1.16.1/STM32CubeIDE/plugins/com.st.stm32cube.ide.mcu.externaltools.gnu-tools-for-stm32.12.3.rel1.win32_1.0.200.202406191623/tools/bin/../lib/gcc/arm-none-eabi/12.3.1/../../../../arm-none-eabi/lib/thumb/v7-m/nofp\libc_nano.a(libc_a-reent.o)
                              D:/APK KULIAH/STM32/aplikasinya/STM32CubeIDE_1.16.1/STM32CubeIDE/plugins/com.st.stm32cube.ide.mcu.externaltools.gnu-tools-for-stm32.12.3.rel1.win32_1.0.200.202406191623/tools/bin/../lib/gcc/arm-none-eabi/12.3.1/../../../../arm-none-eabi/lib/thumb/v7-m/nofp\libc_nano.a(libc_a-closer.o) (errno)
D:/APK KULIAH/STM32/aplikasinya/STM32CubeIDE_1.16.1/STM32CubeIDE/plugins/com.st.stm32cube.ide.mcu.externaltools.gnu-tools-for-stm32.12.3.rel1.win32_1.0.200.202406191623/tools/bin/../lib/gcc/arm-none-eabi/12.3.1/../../../../arm-none-eabi/lib/thumb/v7-m/nofp\libc_nano.a(libc_a-impure.o)
                              D:/APK KULIAH/STM32/aplikasinya/STM32CubeIDE_1.16.1/STM32CubeIDE/plugins/com.st.stm32cube.ide.mcu.externaltools.gnu-tools-for-stm32.12.3.rel1.win32_1.0.200.202406191623/tools/bin/../lib/gcc/arm-none-eabi/12.3.1/../../../../arm-none-eabi/lib/thumb/v7-m/nofp\libc_nano.a(libc_a-reent.o) (_impure_ptr)
[...]
Memory Configuration

Name             Origin             Length             Attributes
RAM              0x20000000         0x00005000         xrw
FLASH            0x08000000         0x00010000         xr
*default*        0x00000000         0xffffffff

Linker script and memory map

LOAD D:/APK KULIAH/STM32/aplikasinya/STM32CubeIDE_1.16.1/STM32CubeIDE/plugins/com.st.stm32cube.ide.mcu.externaltools.gnu-tools-for-stm32.12.3.rel1.win32_1.0.200.202406191623/tools/bin/../lib/gcc/arm-none-eabi/12.3.1/thumb/v7-m/nofp/crti.o
LOAD D:/APK KULIAH/STM32/aplikasinya/STM32CubeIDE_1.16.1/STM32CubeIDE/plugins/com.st.stm32cube.ide.mcu.externaltools.gnu-tools-for-stm32.12.3.rel1.win32_1.0.200.202406191623/tools/bin/../lib/gcc/arm-none-eabi/12.3.1/thumb/v7-m/nofp/crtbegin.o
LOAD D:/APK KULIAH/STM32/aplikasinya/STM32CubeIDE_1.16.1/STM32CubeIDE/plugins/com.st.stm32cube.ide.mcu.externaltools.gnu-tools-for-stm32.12.3.rel1.win32_1.0.200.202406191623/tools/bin/../lib/gcc/arm-none-eabi/12.3.1/../../../../arm-none-eabi/lib/thumb/v7-m/nofp/crt0.o
LOAD ./Core/Src/NRF24L01.o
LOAD ./Core/Src/main.o
LOAD ./Core/Src/stm32f1xx_hal_msp.o
LOAD ./Core/Src/stm32f1xx_it.o
LOAD ./Core/Src/syscalls.o
LOAD ./Core/Src/sysmem.o
LOAD ./Core/Src/system_stm32f1xx.o
LOAD ./Core/Startup/startup_stm32f103c8tx.o
LOAD ./Drivers/STM32F1xx_HAL_Driver/Src/stm32f1xx_hal.o
LOAD ./Drivers/STM32F1xx_HAL_Driver/Src/stm32f1xx_hal_adc.o
LOAD ./Drivers/STM32F1xx_HAL_Driver/Src/stm32f1xx_hal_adc_ex.o
LOAD ./Drivers/STM32F1xx_HAL_Driver/Src/stm32f1xx_hal_cortex.o
LOAD ./Drivers/STM32F1xx_HAL_Driver/Src/stm32f1xx_hal_dma.o
LOAD ./Drivers/STM32F1xx_HAL_Driver/Src/stm32f1xx_hal_exti.o
LOAD ./Drivers/STM32F1xx_HAL_Driver/Src/stm32f1xx_hal_flash.o
LOAD ./Drivers/STM32F1xx_HAL_Driver/Src/stm32f1xx_hal_flash_ex.o
LOAD ./Drivers/STM32F1xx_HAL_Driver/Src/stm32f1xx_hal_gpio.o
LOAD ./Drivers/STM32F1xx_HAL_Driver/Src/stm32f1xx_hal_gpio_ex.o
LOAD ./Drivers/STM32F1xx_HAL_Driver/Src/stm32f1xx_hal_pwr.o
LOAD ./Drivers/STM32F1xx_HAL_Driver/Src/stm32f1xx_hal_rcc.o
LOAD ./Drivers/STM32F1xx_HAL_Driver/Src/stm32f1xx_hal_rcc_ex.o
LOAD ./Drivers/STM32F1xx_HAL_Driver/Src/stm32f1xx_hal_spi.o
START GROUP
LOAD D:/APK KULIAH/STM32/aplikasinya/STM32CubeIDE_1.16.1/STM32CubeIDE/plugins/com.st.stm32cube.ide.mcu.externaltools.gnu-tools-for-stm32.12.3.rel1.win32_1.0.200.202406191623/tools/bin/../lib/gcc/arm-none-eabi/12.3.1/../../../../arm-none-eabi/lib/thumb/v7-m/nofp\libc_nano.a
LOAD D:/APK KULIAH/STM32/aplikasinya/STM32CubeIDE_1.16.1/STM32CubeIDE/plugins/com.st.stm32cube.ide.mcu.externaltools.gnu-tools-for-stm32.12.3.rel1.win32_1.0.200.202406191623/tools/bin/../lib/gcc/arm-none-eabi/12.3.1/../../../../arm-none-eabi/lib/thumb/v7-m/nofp\libm.a
END GROUP
START GROUP
LOAD D:/APK KULIAH/STM32/aplikasinya/STM32CubeIDE_1.16.1/STM32CubeIDE/plugins/com.st.stm32cube.ide.mcu.externaltools.gnu-tools-for-stm32.12.3.rel1.win32_1.0.200.202406191623/tools/bin/../lib/gcc/arm-none-eabi/12.3.1/thumb/v7-m/nofp\libgcc.a
LOAD D:/APK KULIAH/STM32/aplikasinya/STM32CubeIDE_1.16.1/STM32CubeIDE/plugins/com.st.stm32cube.ide.mcu.externaltools.gnu-tools-for-stm32.12.3.rel1.win32_1.0.200.202406191623/tools/bin/../lib/gcc/arm-none-eabi/12.3.1/../../../../arm-none-eabi/lib/thumb/v7-m/nofp\libc_nano.a
END GROUP
START GROUP
LOAD D:/APK KULIAH/STM32/aplikasinya/STM32CubeIDE_1.16.1/STM32CubeIDE/plugins/com.st.stm32cube.ide.mcu.externaltools.gnu-tools-for-stm32.12.3.rel1.win32_1.0.200.202406191623/tools/bin/../lib/gcc/arm-none-eabi/12.3.1/thumb/v7-m/nofp\libgcc.a
LOAD D:/APK KULIAH/STM32/aplikasinya/STM32CubeIDE_1.16.1/STM32CubeIDE/plugins/com.st.stm32cube.ide.mcu.externaltools.gnu-tools-for-stm32.12.3.rel1.win32_1.0.200.202406191623/tools/bin/../lib/gcc/arm-none-eabi/12.3.1/../../../../arm-none-eabi/lib/thumb/v7-m/nofp\libc_nano.a
LOAD D:/APK KULIAH/STM32/aplikasinya/STM32CubeIDE_1.16.1/STM32CubeIDE/plugins/com.st.stm32cube.ide.mcu.externaltools.gnu-tools-for-stm32.12.3.rel1.win32_1.0.200.202406191623/tools/bin/../lib/gcc/arm-none-eabi/12.3.1/../../../../arm-none-eabi/lib/thumb/v7-m/nofp\libnosys.a
END GROUP
START GROUP
LOAD D:/APK KULIAH/STM32/aplikasinya/STM32CubeIDE_1.16.1/STM32CubeIDE/plugins/com.st.stm32cube.ide.mcu.externaltools.gnu-tools-for-stm32.12.3.rel1.win32_1.0.200.202406191623/tools/bin/../lib/gcc/arm-none-eabi/12.3.1/thumb/v7-m/nofp\libgcc.a
LOAD D:/APK KULIAH/STM32/aplikasinya/STM32CubeIDE_1.16.1/STM32CubeIDE/plugins/com.st.stm32cube.ide.mcu.externaltools.gnu-tools-for-stm32.12.3.rel1.win32_1.0.200.202406191623/tools/bin/../lib/gcc/arm-none-eabi/12.3.1/../../../../arm-none-eabi/lib/thumb/v7-m/nofp\libc_nano.a
LOAD D:/APK KULIAH/STM32/aplikasinya/STM32CubeIDE_1.16.1/STM32CubeIDE/plugins/com.st.stm32cube.ide.mcu.externaltools.gnu-tools-for-stm32.12.3.rel1.win32_1.0.200.202406191623/tools/bin/../lib/gcc/arm-none-eabi/12.3.1/../../../../arm-none-eabi/lib/thumb/v7-m/nofp\libnosys.a
END GROUP
LOAD D:/APK KULIAH/STM32/aplikasinya/STM32CubeIDE_1.16.1/STM32CubeIDE/plugins/com.st.stm32cube.ide.mcu.externaltools.gnu-tools-for-stm32.12.3.rel1.win32_1.0.200.202406191623/tools/bin/../lib/gcc/arm-none-eabi/12.3.1/thumb/v7-m/nofp/crtend.o
LOAD D:/APK KULIAH/STM32/aplikasinya/STM32CubeIDE_1.16.1/STM32CubeIDE/plugins/com.st.stm32cube.ide.mcu.externaltools.gnu-tools-for-stm32.12.3.rel1.win32_1.0.200.202406191623/tools/bin/../lib/gcc/arm-none-eabi/12.3.1/thumb/v7-m/nofp/crtn.o
                0x20005000                        _estack = (ORIGIN (RAM) + LENGTH (RAM))
                0x00000200                        _Min_Heap_Size = 0x200
                0x00000400                        _Min_Stack_Size = 0x400

.isr_vector     0x08000000      0x10c
                0x08000000                        . = ALIGN (0x4)
 *(.isr_vector)
 .isr_vector    0x08000000      0x10c ./Core/Startup/startup_stm32f103c8tx.o
                0x08000000                g_pfnVectors
                0x0800010c                        . = ALIGN (0x4)

.text           0x0800010c     0x30c4
                0x0800010c                        . = ALIGN (0x4)
 *(.text)
 .text          0x0800010c       0x40 D:/APK KULIAH/STM32/aplikasinya/STM32CubeIDE_1.16.1/STM32CubeIDE/plugins/com.st.stm32cube.ide.mcu.externaltools.gnu-tools-for-stm32.12.3.rel1.win32_1.0.200.202406191623/tools/bin/../lib/gcc/arm-none-eabi/12.3.1/thumb/v7-m/nofp/crtbegin.o
 *(.text*)
 .text.CS_Select
                0x0800014c       0x18 ./Core/Src/NRF24L01.o
                0x0800014c                CS_Select
 .text.CS_UnSelect
                0x08000164       0x18 ./Core/Src/NRF24L01.o
                0x08000164                CS_UnSelect
 .text.CE_Enable
                0x0800017c       0x18 ./Core/Src/NRF24L01.o
                0x0800017c                CE_Enable
 .text.CE_Disable
                0x08000194       0x18 ./Core/Src/NRF24L01.o
                0x08000194                CE_Disable
 .text.nrf24_WriteReg
                0x080001ac       0x44 ./Core/Src/NRF24L01.o
                0x080001ac                nrf24_WriteReg
 .text.nrf24_WriteRegMulti
                0x080001f0       0x4c ./Core/Src/NRF24L01.o
                0x080001f0                nrf24_WriteRegMulti
 .text.nrf24_ReadReg
                0x0800023c       0x40 ./Core/Src/NRF24L01.o
                0x0800023c                nrf24_ReadReg
 .text.nrf24_reset
                0x0800027c      0x14c ./Core/Src/NRF24L01.o
                0x0800027c                nrf24_reset
 .text.NRF24_Init
                0x080003c8       0x4e ./Core/Src/NRF24L01.o
                0x080003c8                NRF24_Init
 .text.NRF24_TxMode
                0x08000416       0x4c ./Core/Src/NRF24L01.o
                0x08000416                NRF24_TxMode
 *fill*         0x08000462        0x2 
 .text.main     0x08000464      0x250 ./Core/Src/main.o
                0x08000464                main
 .text.SystemClock_Config
                0x080006b4       0xb6 ./Core/Src/main.o
                0x080006b4                SystemClock_Config
 *fill*         0x0800076a        0x2 
 .text.MX_ADC1_Init
                0x0800076c       0x7c ./Core/Src/main.o
 .text.MX_SPI1_Init
                0x080007e8       0x6c ./Core/Src/main.o
 .text.MX_GPIO_Init
                0x08000854      0x120 ./Core/Src/main.o
 .text.Error_Handler
                0x08000974        0xc ./Core/Src/main.o
                0x08000974                Error_Handler
 .text.HAL_MspInit
                0x08000980       0x64 ./Core/Src/stm32f1xx_hal_msp.o
                0x08000980                HAL_MspInit
 .text.HAL_ADC_MspInit
                0x080009e4       0xa8 ./Core/Src/stm32f1xx_hal_msp.o
                0x080009e4                HAL_ADC_MspInit
 .text.HAL_SPI_MspInit
                0x08000a8c       0x94 ./Core/Src/stm32f1xx_hal_msp.o
                0x08000a8c                HAL_SPI_MspInit
 .text.NMI_Handler
                0x08000b20        0x8 ./Core/Src/stm32f1xx_it.o
                0x08000b20                NMI_Handler
 .text.HardFault_Handler
                0x08000b28        0x8 ./Core/Src/stm32f1xx_it.o
                0x08000b28                HardFault_Handler
 .text.MemManage_Handler
                0x08000b30        0x8 ./Core/Src/stm32f1xx_it.o
                0x08000b30                MemManage_Handler
 .text.BusFault_Handler
                0x08000b38        0x8 ./Core/Src/stm32f1xx_it.o
                0x08000b38                BusFault_Handler
 .text.UsageFault_Handler
                0x08000b40        0x8 ./Core/Src/stm32f1xx_it.o
                0x08000b40                UsageFault_Handler
 .text.SVC_Handler
                0x08000b48        0xc ./Core/Src/stm32f1xx_it.o
                0x08000b48                SVC_Handler
 .text.DebugMon_Handler
                0x08000b54        0xc ./Core/Src/stm32f1xx_it.o
                0x08000b54                DebugMon_Handler
 .text.PendSV_Handler
                0x08000b60        0xc ./Core/Src/stm32f1xx_it.o
                0x08000b60                PendSV_Handler
 .text.SysTick_Handler
                0x08000b6c        0xc ./Core/Src/stm32f1xx_it.o
                0x08000b6c                SysTick_Handler
 .text.EXTI2_IRQHandler
                0x08000b78        0xe ./Core/Src/stm32f1xx_it.o
                0x08000b78                EXTI2_IRQHandler
 .text.SystemInit
                0x08000b86        0xc ./Core/Src/system_stm32f1xx.o
                0x08000b86                SystemInit
 *fill*         0x08000b92        0x2 
 .text.Reset_Handler
                0x08000b94       0x48 ./Core/Startup/startup_stm32f103c8tx.o
                0x08000b94                Reset_Handler
 .text.Default_Handler
                0x08000bdc        0x2 ./Core/Startup/startup_stm32f103c8tx.o
                0x08000bdc                RTC_Alarm_IRQHandler
                0x08000bdc                TIM1_CC_IRQHandler
                0x08000bdc                PVD_IRQHandler
                0x08000bdc                EXTI3_IRQHandler
                0x08000bdc                EXTI0_IRQHandler
                0x08000bdc                I2C2_EV_IRQHandler
                0x08000bdc                ADC1_2_IRQHandler
                0x08000bdc                SPI1_IRQHandler
                0x08000bdc                TAMPER_IRQHandler
                0x08000bdc                DMA1_Channel4_IRQHandler
                0x08000bdc                USART3_IRQHandler
                0x08000bdc                RTC_IRQHandler
                0x08000bdc                DMA1_Channel7_IRQHandler
                0x08000bdc                CAN1_RX1_IRQHandler
                0x08000bdc                TIM4_IRQHandler
                0x08000bdc                I2C1_EV_IRQHandler
                0x08000bdc                DMA1_Channel6_IRQHandler
                0x08000bdc                TIM3_IRQHandler
                0x08000bdc                RCC_IRQHandler
                0x08000bdc                TIM1_TRG_COM_IRQHandler
                0x08000bdc                DMA1_Channel1_IRQHandler
                0x08000bdc                Default_Handler
                0x08000bdc                EXTI15_10_IRQHandler
                0x08000bdc                EXTI9_5_IRQHandler
                0x08000bdc                SPI2_IRQHandler
                0x08000bdc                DMA1_Channel5_IRQHandler
                0x08000bdc                EXTI4_IRQHandler
                0x08000bdc                USB_LP_CAN1_RX0_IRQHandler
                0x08000bdc                USB_HP_CAN1_TX_IRQHandler
                0x08000bdc                DMA1_Channel3_IRQHandler
                0x08000bdc                TIM1_UP_IRQHandler
                0x08000bdc                WWDG_IRQHandler
                0x08000bdc                TIM2_IRQHandler
                0x08000bdc                TIM1_BRK_IRQHandler
                0x08000bdc                EXTI1_IRQHandler
                0x08000bdc                USART2_IRQHandler
                0x08000bdc                I2C2_ER_IRQHandler
                0x08000bdc                DMA1_Channel2_IRQHandler
                0x08000bdc                CAN1_SCE_IRQHandler
                0x08000bdc                FLASH_IRQHandler
                0x08000bdc                USART1_IRQHandler
                0x08000bdc                I2C1_ER_IRQHandler
                0x08000bdc                USBWakeUp_IRQHandler
 *fill*         0x08000bde        0x2 
 .text.HAL_Init
                0x08000be0       0x2c ./Drivers/STM32F1xx_HAL_Driver/Src/stm32f1xx_hal.o
                0x08000be0                HAL_Init
 .text.HAL_InitTick
                0x08000c0c       0x60 ./Drivers/STM32F1xx_HAL_Driver/Src/stm32f1xx_hal.o
                0x08000c0c                HAL_InitTick
 .text.HAL_IncTick
                0x08000c6c       0x24 ./Drivers/STM32F1xx_HAL_Driver/Src/stm32f1xx_hal.o
                0x08000c6c                HAL_IncTick
 .text.HAL_GetTick
                0x08000c90       0x14 ./Drivers/STM32F1xx_HAL_Driver/Src/stm32f1xx_hal.o
                0x08000c90                HAL_GetTick
 .text.HAL_Delay
                0x08000ca4       0x48 ./Drivers/STM32F1xx_HAL_Driver/Src/stm32f1xx_hal.o
                0x08000ca4                HAL_Delay
 .text.HAL_ADC_Init
                0x08000cec      0x1b0 ./Drivers/STM32F1xx_HAL_Driver/Src/stm32f1xx_hal_adc.o
                0x08000cec                HAL_ADC_Init
 .text.HAL_ADC_Start
                0x08000e9c      0x15c ./Drivers/STM32F1xx_HAL_Driver/Src/stm32f1xx_hal_adc.o
                0x08000e9c                HAL_ADC_Start
 .text.HAL_ADC_Stop
                0x08000ff8       0x58 ./Drivers/STM32F1xx_HAL_Driver/Src/stm32f1xx_hal_adc.o
                0x08000ff8                HAL_ADC_Stop
 .text.HAL_ADC_PollForConversion
                0x08001050      0x20c ./Drivers/STM32F1xx_HAL_Driver/Src/stm32f1xx_hal_adc.o
                0x08001050                HAL_ADC_PollForConversion
 .text.HAL_ADC_GetValue
                0x0800125c       0x18 ./Drivers/STM32F1xx_HAL_Driver/Src/stm32f1xx_hal_adc.o
                0x0800125c                HAL_ADC_GetValue
 .text.HAL_ADC_ConfigChannel
                0x08001274      0x1f0 ./Drivers/STM32F1xx_HAL_Driver/Src/stm32f1xx_hal_adc.o
                0x08001274                HAL_ADC_ConfigChannel
 .text.ADC_Enable
                0x08001464       0xb4 ./Drivers/STM32F1xx_HAL_Driver/Src/stm32f1xx_hal_adc.o
                0x08001464                ADC_Enable
 .text.ADC_ConversionStop_Disable
                0x08001518       0x82 ./Drivers/STM32F1xx_HAL_Driver/Src/stm32f1xx_hal_adc.o
                0x08001518                ADC_ConversionStop_Disable
 *fill*         0x0800159a        0x2 
 .text.__NVIC_SetPriorityGrouping
                0x0800159c       0x48 ./Drivers/STM32F1xx_HAL_Driver/Src/stm32f1xx_hal_cortex.o
 .text.__NVIC_GetPriorityGrouping
                0x080015e4       0x1c ./Drivers/STM32F1xx_HAL_Driver/Src/stm32f1xx_hal_cortex.o
 .text.__NVIC_EnableIRQ
                0x08001600       0x38 ./Drivers/STM32F1xx_HAL_Driver/Src/stm32f1xx_hal_cortex.o
 .text.__NVIC_SetPriority
                0x08001638       0x54 ./Drivers/STM32F1xx_HAL_Driver/Src/stm32f1xx_hal_cortex.o
 .text.NVIC_EncodePriority
                0x0800168c       0x64 ./Drivers/STM32F1xx_HAL_Driver/Src/stm32f1xx_hal_cortex.o
 .text.SysTick_Config
                0x080016f0       0x44 ./Drivers/STM32F1xx_HAL_Driver/Src/stm32f1xx_hal_cortex.o
 .text.HAL_NVIC_SetPriorityGrouping
                0x08001734       0x16 ./Drivers/STM32F1xx_HAL_Driver/Src/stm32f1xx_hal_cortex.o
                0x08001734                HAL_NVIC_SetPriorityGrouping
 .text.HAL_NVIC_SetPriority
                0x0800174a       0x38 ./Drivers/STM32F1xx_HAL_Driver/Src/stm32f1xx_hal_cortex.o
                0x0800174a                HAL_NVIC_SetPriority
 .text.HAL_NVIC_EnableIRQ
                0x08001782       0x1c ./Drivers/STM32F1xx_HAL_Driver/Src/stm32f1xx_hal_cortex.o
                0x08001782                HAL_NVIC_EnableIRQ
 .text.HAL_SYSTICK_Config
                0x0800179e       0x18 ./Drivers/STM32F1xx_HAL_Driver/Src/stm32f1xx_hal_cortex.o
                0x0800179e                HAL_SYSTICK_Config
 *fill*         0x080017b6        0x2 
 .text.HAL_GPIO_Init
                0x080017b8      0x308 ./Drivers/STM32F1xx_HAL_Driver/Src/stm32f1xx_hal_gpio.o
                0x080017b8                HAL_GPIO_Init
 .text.HAL_GPIO_ReadPin
                0x08001ac0       0x2e ./Drivers/STM32F1xx_HAL_Driver/Src/stm32f1xx_hal_gpio.o
                0x08001ac0                HAL_GPIO_ReadPin
 .text.HAL_GPIO_WritePin
                0x08001aee       0x30 ./Drivers/STM32F1xx_HAL_Driver/Src/stm32f1xx_hal_gpio.o
                0x08001aee                HAL_GPIO_WritePin
 *fill*         0x08001b1e        0x2 
 .text.HAL_GPIO_EXTI_IRQHandler
                0x08001b20       0x30 ./Drivers/STM32F1xx_HAL_Driver/Src/stm32f1xx_hal_gpio.o
                0x08001b20                HAL_GPIO_EXTI_IRQHandler
 .text.HAL_GPIO_EXTI_Callback
                0x08001b50       0x14 ./Drivers/STM32F1xx_HAL_Driver/Src/stm32f1xx_hal_gpio.o
                0x08001b50                HAL_GPIO_EXTI_Callback
 .text.HAL_RCC_OscConfig
                0x08001b64      0x504 ./Drivers/STM32F1xx_HAL_Driver/Src/stm32f1xx_hal_rcc.o
                0x08001b64                HAL_RCC_OscConfig
 .text.HAL_RCC_ClockConfig
                0x08002068      0x1d4 ./Drivers/STM32F1xx_HAL_Driver/Src/stm32f1xx_hal_rcc.o
                0x08002068                HAL_RCC_ClockConfig
 .text.HAL_RCC_GetSysClockFreq
                0x0800223c       0xa8 ./Drivers/STM32F1xx_HAL_Driver/Src/stm32f1xx_hal_rcc.o
                0x0800223c                HAL_RCC_GetSysClockFreq
 .text.HAL_RCC_GetHCLKFreq
                0x080022e4       0x14 ./Drivers/STM32F1xx_HAL_Driver/Src/stm32f1xx_hal_rcc.o
                0x080022e4                HAL_RCC_GetHCLKFreq
 .text.HAL_RCC_GetPCLK2Freq
                0x080022f8       0x28 ./Drivers/STM32F1xx_HAL_Driver/Src/stm32f1xx_hal_rcc.o
                0x080022f8                HAL_RCC_GetPCLK2Freq
 .text.RCC_Delay
                0x08002320       0x3c ./Drivers/STM32F1xx_HAL_Driver/Src/stm32f1xx_hal_rcc.o
 .text.HAL_RCCEx_PeriphCLKConfig
                0x0800235c      0x16c ./Drivers/STM32F1xx_HAL_Driver/Src/stm32f1xx_hal_rcc_ex.o
                0x0800235c                HAL_RCCEx_PeriphCLKConfig
 .text.HAL_RCCEx_GetPeriphCLKFreq
                0x080024c8      0x16c ./Drivers/STM32F1xx_HAL_Driver/Src/stm32f1xx_hal_rcc_ex.o
                0x080024c8                HAL_RCCEx_GetPeriphCLKFreq
 .text.HAL_SPI_Init
                0x08002634      0x108 ./Drivers/STM32F1xx_HAL_Driver/Src/stm32f1xx_hal_spi.o
                0x08002634                HAL_SPI_Init
 .text.HAL_SPI_Transmit
                0x0800273c      0x288 ./Drivers/STM32F1xx_HAL_Driver/Src/stm32f1xx_hal_spi.o
                0x0800273c                HAL_SPI_Transmit
 .text.HAL_SPI_Receive
                0x080029c4      0x232 ./Drivers/STM32F1xx_HAL_Driver/Src/stm32f1xx_hal_spi.o
                0x080029c4                HAL_SPI_Receive
 .text.HAL_SPI_TransmitReceive
                0x08002bf6      0x352 ./Drivers/STM32F1xx_HAL_Driver/Src/stm32f1xx_hal_spi.o
                0x08002bf6                HAL_SPI_TransmitReceive
 .text.SPI_WaitFlagStateUntilTimeout
                0x08002f48      0x110 ./Drivers/STM32F1xx_HAL_Driver/Src/stm32f1xx_hal_spi.o
 .text.SPI_EndRxTransaction
                0x08003058       0xa4 ./Drivers/STM32F1xx_HAL_Driver/Src/stm32f1xx_hal_spi.o
 .text.SPI_EndRxTxTransaction
                0x080030fc       0x62 ./Drivers/STM32F1xx_HAL_Driver/Src/stm32f1xx_hal_spi.o
 .text.memset   0x0800315e       0x10 D:/APK KULIAH/STM32/aplikasinya/STM32CubeIDE_1.16.1/STM32CubeIDE/plugins/com.st.stm32cube.ide.mcu.externaltools.gnu-tools-for-stm32.12.3.rel1.win32_1.0.200.202406191623/tools/bin/../lib/gcc/arm-none-eabi/12.3.1/../../../../arm-none-eabi/lib/thumb/v7-m/nofp\libc_nano.a(libc_a-memset.o)
                0x0800315e                memset
 *fill*         0x0800316e        0x2 
 .text.__libc_init_array
                0x08003170       0x48 D:/APK KULIAH/STM32/aplikasinya/STM32CubeIDE_1.16.1/STM32CubeIDE/plugins/com.st.stm32cube.ide.mcu.externaltools.gnu-tools-for-stm32.12.3.rel1.win32_1.0.200.202406191623/tools/bin/../lib/gcc/arm-none-eabi/12.3.1/../../../../arm-none-eabi/lib/thumb/v7-m/nofp\libc_nano.a(libc_a-init.o)
                0x08003170                __libc_init_array
 *(.glue_7)
 .glue_7        0x080031b8        0x0 linker stubs
 *(.glue_7t)
 .glue_7t       0x080031b8        0x0 linker stubs
 *(.eh_frame)
 .eh_frame      0x080031b8        0x0 D:/APK KULIAH/STM32/aplikasinya/STM32CubeIDE_1.16.1/STM32CubeIDE/plugins/com.st.stm32cube.ide.mcu.externaltools.gnu-tools-for-stm32.12.3.rel1.win32_1.0.200.202406191623/tools/bin/../lib/gcc/arm-none-eabi/12.3.1/thumb/v7-m/nofp/crtbegin.o
 *(.init)
 .init          0x080031b8        0x4 D:/APK KULIAH/STM32/aplikasinya/STM32CubeIDE_1.16.1/STM32CubeIDE/plugins/com.st.stm32cube.ide.mcu.externaltools.gnu-tools-for-stm32.12.3.rel1.win32_1.0.200.202406191623/tools/bin/../lib/gcc/arm-none-eabi/12.3.1/thumb/v7-m/nofp/crti.o
                0x080031b8                _init
 .init          0x080031bc        0x8 D:/APK KULIAH/STM32/aplikasinya/STM32CubeIDE_1.16.1/STM32CubeIDE/plugins/com.st.stm32cube.ide.mcu.externaltools.gnu-tools-for-stm32.12.3.rel1.win32_1.0.200.202406191623/tools/bin/../lib/gcc/arm-none-eabi/12.3.1/thumb/v7-m/nofp/crtn.o
 *(.fini)
 .fini          0x080031c4        0x4 D:/APK KULIAH/STM32/aplikasinya/STM32CubeIDE_1.16.1/STM32CubeIDE/plugins/com.st.stm32cube.ide.mcu.externaltools.gnu-tools-for-stm32.12.3.rel1.win32_1.0.200.202406191623/tools/bin/../lib/gcc/arm-none-eabi/12.3.1/thumb/v7-m/nofp/crti.o
                0x080031c4                _fini
 .fini          0x080031c8        0x8 D:/APK KULIAH/STM32/aplikasinya/STM32CubeIDE_1.16.1/STM32CubeIDE/plugins/com.st.stm32cube.ide.mcu.externaltools.gnu-tools-for-stm32.12.3.rel1.win32_1.0.200.202406191623/tools/bin/../lib/gcc/arm-none-eabi/12.3.1/thumb/v7-m/nofp/crtn.o
                0x080031d0                        . = ALIGN (0x4)
                0x080031d0                        _etext = .

.vfp11_veneer   0x080031d0        0x0
 .vfp11_veneer  0x080031d0        0x0 linker stubs

.v4_bx          0x080031d0        0x0
 .v4_bx         0x080031d0        0x0 linker stubs

.iplt           0x080031d0        0x0
 .iplt          0x080031d0        0x0 D:/APK KULIAH/STM32/aplikasinya/STM32CubeIDE_1.16.1/STM32CubeIDE/plugins/com.st.stm32cube.ide.mcu.externaltools.gnu-tools-for-stm32.12.3.rel1.win32_1.0.200.202406191623/tools/bin/../lib/gcc/arm-none-eabi/12.3.1/thumb/v7-m/nofp/crtbegin.o

.rodata         0x080031d0       0x50
                0x080031d0                        . = ALIGN (0x4)
 *(.rodata)
 .rodata        0x080031d0        0xd ./Core/Src/NRF24L01.o
 *(.rodata*)
 *fill*         0x080031dd        0x3 
 .rodata.AHBPrescTable
                0x080031e0       0x10 ./Core/Src/system_stm32f1xx.o
                0x080031e0                AHBPrescTable
 .rodata.APBPrescTable
                0x080031f0        0x8 ./Core/Src/system_stm32f1xx.o
                0x080031f0                APBPrescTable
 .rodata.aPLLMULFactorTable.1
                0x080031f8       0x10 ./Drivers/STM32F1xx_HAL_Driver/Src/stm32f1xx_hal_rcc.o
 .rodata.aPredivFactorTable.0
                0x08003208        0x2 ./Drivers/STM32F1xx_HAL_Driver/Src/stm32f1xx_hal_rcc.o
 *fill*         0x0800320a        0x2 
 .rodata.aPLLMULFactorTable.1
                0x0800320c       0x10 ./Drivers/STM32F1xx_HAL_Driver/Src/stm32f1xx_hal_rcc_ex.o
 .rodata.aPredivFactorTable.0
                0x0800321c        0x2 ./Drivers/STM32F1xx_HAL_Driver/Src/stm32f1xx_hal_rcc_ex.o
                0x08003220                        . = ALIGN (0x4)
 *fill*         0x0800321e        0x2 

.ARM.extab      0x08003220        0x0
                0x08003220                        . = ALIGN (0x4)
 *(.ARM.extab* .gnu.linkonce.armextab.*)
                0x08003220                        . = ALIGN (0x4)

.ARM            0x08003220        0x0
                0x08003220                        . = ALIGN (0x4)
                0x08003220                        __exidx_start = .
 *(.ARM.exidx*)
                0x08003220                        __exidx_end = .
                0x08003220                        . = ALIGN (0x4)

.preinit_array  0x08003220        0x0
                0x08003220                        . = ALIGN (0x4)
                0x08003220                        PROVIDE (__preinit_array_start = .)
 *(.preinit_array*)
                0x08003220                        PROVIDE (__preinit_array_end = .)
                0x08003220                        . = ALIGN (0x4)

.init_array     0x08003220        0x4
                0x08003220                        . = ALIGN (0x4)
                0x08003220                        PROVIDE (__init_array_start = .)
 *(SORT_BY_NAME(.init_array.*))
 *(.init_array*)
 .init_array    0x08003220        0x4 D:/APK KULIAH/STM32/aplikasinya/STM32CubeIDE_1.16.1/STM32CubeIDE/plugins/com.st.stm32cube.ide.mcu.externaltools.gnu-tools-for-stm32.12.3.rel1.win32_1.0.200.202406191623/tools/bin/../lib/gcc/arm-none-eabi/12.3.1/thumb/v7-m/nofp/crtbegin.o
                0x08003224                        PROVIDE (__init_array_end = .)
                0x08003224                        . = ALIGN (0x4)

.fini_array     0x08003224        0x4
                0x08003224                        . = ALIGN (0x4)
                [!provide]                        PROVIDE (__fini_array_start = .)
 *(SORT_BY_NAME(.fini_array.*))
 *(.fini_array*)
 .fini_array    0x08003224        0x4 D:/APK KULIAH/STM32/aplikasinya/STM32CubeIDE_1.16.1/STM32CubeIDE/plugins/com.st.stm32cube.ide.mcu.externaltools.gnu-tools-for-stm32.12.3.rel1.win32_1.0.200.202406191623/tools/bin/../lib/gcc/arm-none-eabi/12.3.1/thumb/v7-m/nofp/crtbegin.o
                [!provide]                        PROVIDE (__fini_array_end = .)
                0x08003228                        . = ALIGN (0x4)
                0x08003228                        _sidata = LOADADDR (.data)

.rel.dyn        0x08003228        0x0
 .rel.iplt      0x08003228        0x0 D:/APK KULIAH/STM32/aplikasinya/STM32CubeIDE_1.16.1/STM32CubeIDE/plugins/com.st.stm32cube.ide.mcu.externaltools.gnu-tools-for-stm32.12.3.rel1.win32_1.0.200.202406191623/tools/bin/../lib/gcc/arm-none-eabi/12.3.1/thumb/v7-m/nofp/crtbegin.o

.data           0x20000000       0x14 load address 0x08003228
                0x20000000                        . = ALIGN (0x4)
                0x20000000                        _sdata = .
 *(.data)
 *(.data*)
 .data.TxAddress
                0x20000000        0x5 ./Core/Src/main.o
                0x20000000                TxAddress
 *fill*         0x20000005        0x3 
 .data.SystemCoreClock
                0x20000008        0x4 ./Core/Src/system_stm32f1xx.o
                0x20000008                SystemCoreClock
 .data.uwTickPrio
                0x2000000c        0x4 ./Drivers/STM32F1xx_HAL_Driver/Src/stm32f1xx_hal.o
                0x2000000c                uwTickPrio
 .data.uwTickFreq
                0x20000010        0x1 ./Drivers/STM32F1xx_HAL_Driver/Src/stm32f1xx_hal.o
                0x20000010                uwTickFreq
 *(.RamFunc)
 *(.RamFunc*)
                0x20000014                        . = ALIGN (0x4)
 *fill*         0x20000011        0x3 
                0x20000014                        _edata = .

.igot.plt       0x20000014        0x0 load address 0x0800323c
 .igot.plt      0x20000014        0x0 D:/APK KULIAH/STM32/aplikasinya/STM32CubeIDE_1.16.1/STM32CubeIDE/plugins/com.st.stm32cube.ide.mcu.externaltools.gnu-tools-for-stm32.12.3.rel1.win32_1.0.200.202406191623/tools/bin/../lib/gcc/arm-none-eabi/12.3.1/thumb/v7-m/nofp/crtbegin.o
                0x20000014                        . = ALIGN (0x4)

.bss            0x20000014       0xe0 load address 0x0800323c
                0x20000014                        _sbss = .
                0x20000014                        __bss_start__ = _sbss
 *(.bss)
 .bss           0x20000014       0x1c D:/APK KULIAH/STM32/aplikasinya/STM32CubeIDE_1.16.1/STM32CubeIDE/plugins/com.st.stm32cube.ide.mcu.externaltools.gnu-tools-for-stm32.12.3.rel1.win32_1.0.200.202406191623/tools/bin/../lib/gcc/arm-none-eabi/12.3.1/thumb/v7-m/nofp/crtbegin.o
 *(.bss*)
 .bss.hadc1     0x20000030       0x30 ./Core/Src/main.o
                0x20000030                hadc1
 .bss.hspi1     0x20000060       0x58 ./Core/Src/main.o
                0x20000060                hspi1
 .bss.RBY       0x200000b8        0x2 ./Core/Src/main.o
                0x200000b8                RBY
 .bss.RBX       0x200000ba        0x2 ./Core/Src/main.o
                0x200000ba                RBX
 .bss.LBY       0x200000bc        0x2 ./Core/Src/main.o
                0x200000bc                LBY
 .bss.LBX       0x200000be        0x2 ./Core/Src/main.o
                0x200000be                LBX
 .bss.sConfigPrivate
                0x200000c0        0xc ./Core/Src/main.o
                0x200000c0                sConfigPrivate
 .bss.RB        0x200000cc        0x1 ./Core/Src/main.o
                0x200000cc                RB
 .bss.LB        0x200000cd        0x1 ./Core/Src/main.o
                0x200000cd                LB
 *fill*         0x200000ce        0x2 
 .bss.TxData    0x200000d0       0x20 ./Core/Src/main.o
                0x200000d0                TxData
 .bss.uwTick    0x200000f0        0x4 ./Drivers/STM32F1xx_HAL_Driver/Src/stm32f1xx_hal.o
                0x200000f0                uwTick
 *(COMMON)
                0x200000f4                        . = ALIGN (0x4)
                0x200000f4                        _ebss = .
                0x200000f4                        __bss_end__ = _ebss

._user_heap_stack
                0x200000f4      0x604 load address 0x0800323c
                0x200000f8                        . = ALIGN (0x8)
 *fill*         0x200000f4        0x4 
                [!provide]                        PROVIDE (end = .)
                0x200000f8                        PROVIDE (_end = .)
                0x200002f8                        . = (. + _Min_Heap_Size)
 *fill*         0x200000f8      0x200 
                0x200006f8                        . = (. + _Min_Stack_Size)
 *fill*         0x200002f8      0x400 
                0x200006f8                        . = ALIGN (0x8)

/DISCARD/
 libc.a(*)
 libm.a(*)
 libgcc.a(*)

.ARM.attributes
                0x00000000       0x29
 *(.ARM.attributes)
 .ARM.attributes
                0x00000000       0x1d D:/APK KULIAH/STM32/aplikasinya/STM32CubeIDE_1.16.1/STM32CubeIDE/plugins/com.st.stm32cube.ide.mcu.externaltools.gnu-tools-for-stm32.12.3.rel1.win32_1.0.200.202406191623/tools/bin/../lib/gcc/arm-none-eabi/12.3.1/thumb/v7-m/nofp/crti.o
 .ARM.attributes
                0x0000001d       0x2d D:/APK KULIAH/STM32/aplikasinya/STM32CubeIDE_1.16.1/STM32CubeIDE/plugins/com.st.stm32cube.ide.mcu.externaltools.gnu-tools-for-stm32.12.3.rel1.win32_1.0.200.202406191623/tools/bin/../lib/gcc/arm-none-eabi/12.3.1/thumb/v7-m/nofp/crtbegin.o
 .ARM.attributes
                0x0000004a       0x2d ./Core/Src/NRF24L01.o
 .ARM.attributes
                0x00000077       0x2d ./Core/Src/main.o
 .ARM.attributes
                0x000000a4       0x2d ./Core/Src/stm32f1xx_hal_msp.o
 .ARM.attributes
                0x000000d1       0x2d ./Core/Src/stm32f1xx_it.o
 .ARM.attributes
                0x000000fe       0x2d ./Core/Src/system_stm32f1xx.o
 .ARM.attributes
                0x0000012b       0x21 ./Core/Startup/startup_stm32f103c8tx.o
 .ARM.attributes
                0x0000014c       0x2d ./Drivers/STM32F1xx_HAL_Driver/Src/stm32f1xx_hal.o
 .ARM.attributes
                0x00000179       0x2d ./Drivers/STM32F1xx_HAL_Driver/Src/stm32f1xx_hal_adc.o
 .ARM.attributes
                0x000001a6       0x2d ./Drivers/STM32F1xx_HAL_Driver/Src/stm32f1xx_hal_cortex.o
 .ARM.attributes
                0x000001d3       0x2d ./Drivers/STM32F1xx_HAL_Driver/Src/stm32f1xx_hal_gpio.o
 .ARM.attributes
                0x00000200       0x2d ./Drivers/STM32F1xx_HAL_Driver/Src/stm32f1xx_hal_rcc.o
 .ARM.attributes
                0x0000022d       0x2d ./Drivers/STM32F1xx_HAL_Driver/Src/stm32f1xx_hal_rcc_ex.o
 .ARM.attributes
                0x0000025a       0x2d ./Drivers/STM32F1xx_HAL_Driver/Src/stm32f1xx_hal_spi.o
 .ARM.attributes
                0x00000287       0x2d D:/APK KULIAH/STM32/aplikasinya/STM32CubeIDE_1.16.1/STM32CubeIDE/plugins/com.st.stm32cube.ide.mcu.externaltools.gnu-tools-for-stm32.12.3.rel1.win32_1.0.200.202406191623/tools/bin/../lib/gcc/arm-none-eabi/12.3.1/../../../../arm-none-eabi/lib/thumb/v7-m/nofp\libc_nano.a(libc_a-memset.o)
 .ARM.attributes
                0x000002b4       0x2d D:/APK KULIAH/STM32/aplikasinya/STM32CubeIDE_1.16.1/STM32CubeIDE/plugins/com.st.stm32cube.ide.mcu.externaltools.gnu-tools-for-stm32.12.3.rel1.win32_1.0.200.202406191623/tools/bin/../lib/gcc/arm-none-eabi/12.3.1/../../../../arm-none-eabi/lib/thumb/v7-m/nofp\libc_nano.a(libc_a-init.o)
 .ARM.attributes
                0x000002e1       0x1d D:/APK KULIAH/STM32/aplikasinya/STM32CubeIDE_1.16.1/STM32CubeIDE/plugins/com.st.stm32cube.ide.mcu.externaltools.gnu-tools-for-stm32.12.3.rel1.win32_1.0.200.202406191623/tools/bin/../lib/gcc/arm-none-eabi/12.3.1/thumb/v7-m/nofp/crtn.o
OUTPUT(CONTROLLER.elf elf32-littlearm)
LOAD linker stubs
LOAD D:/APK KULIAH/STM32/aplikasinya/STM32CubeIDE_1.16.1/STM32CubeIDE/plugins/com.st.stm32cube.ide.mcu.externaltools.gnu-tools-for-stm32.12.3.rel1.win32_1.0.200.202406191623/tools/bin/../lib/gcc/arm-none-eabi/12.3.1/../../../../arm-none-eabi/lib/thumb/v7-m/nofp\libc.a
LOAD D:/APK KULIAH/STM32/aplikasinya/STM32CubeIDE_1.16.1/STM32CubeIDE/plugins/com.st.stm32cube.ide.mcu.externaltools.gnu-tools-for-stm32.12.3.rel1.win32_1.0.200.202406191623/tools/bin/../lib/gcc/arm-none-eabi/12.3.1/../../../../arm-none-eabi/lib/thumb/v7-m/nofp\libm.a
LOAD D:/APK KULIAH/STM32/aplikasinya/STM32CubeIDE_1.16.1/STM32CubeIDE/plugins/com.st.stm32cube.ide.mcu.externaltools.gnu-tools-for-stm32.12.3.rel1.win32_1.0.200.202406191623/tools/bin/../lib/gcc/arm-none-eabi/12.3.1/thumb/v7-m/nofp\libgcc.a

.debug_info     0x00000000     0x6c42
 .debug_info    0x00000000      0xa04 ./Core/Src/NRF24L01.o
 .debug_info    0x00000a04     0x1078 ./Core/Src/main.o
 .debug_info    0x00001a7c      0xae1 ./Core/Src/stm32f1xx_hal_msp.o
 .debug_info    0x0000255d      0x14b ./Core/Src/stm32f1xx_it.o
 .debug_info    0x000026a8      0x222 ./Core/Src/system_stm32f1xx.o
 .debug_info    0x000028ca       0x30 ./Core/Startup/startup_stm32f103c8tx.o
 .debug_info    0x000028fa      0x704 ./Drivers/STM32F1xx_HAL_Driver/Src/stm32f1xx_hal.o
 .debug_info    0x00002ffe      0xc50 ./Drivers/STM32F1xx_HAL_Driver/Src/stm32f1xx_hal_adc.o
 .debug_info    0x00003c4e      0xa87 ./Drivers/STM32F1xx_HAL_Driver/Src/stm32f1xx_hal_cortex.o
 .debug_info    0x000046d5      0x5ab ./Drivers/STM32F1xx_HAL_Driver/Src/stm32f1xx_hal_gpio.o
 .debug_info    0x00004c80      0x7d5 ./Drivers/STM32F1xx_HAL_Driver/Src/stm32f1xx_hal_rcc.o
 .debug_info    0x00005455      0x3c0 ./Drivers/STM32F1xx_HAL_Driver/Src/stm32f1xx_hal_rcc_ex.o
 .debug_info    0x00005815     0x142d ./Drivers/STM32F1xx_HAL_Driver/Src/stm32f1xx_hal_spi.o

.debug_abbrev   0x00000000     0x18b9
 .debug_abbrev  0x00000000      0x2a4 ./Core/Src/NRF24L01.o
 .debug_abbrev  0x000002a4      0x2ca ./Core/Src/main.o
 .debug_abbrev  0x0000056e      0x1ab ./Core/Src/stm32f1xx_hal_msp.o
 .debug_abbrev  0x00000719       0xa0 ./Core/Src/stm32f1xx_it.o
 .debug_abbrev  0x000007b9      0x13f ./Core/Src/system_stm32f1xx.o
 .debug_abbrev  0x000008f8       0x24 ./Core/Startup/startup_stm32f103c8tx.o
 .debug_abbrev  0x0000091c      0x201 ./Drivers/STM32F1xx_HAL_Driver/Src/stm32f1xx_hal.o
 .debug_abbrev  0x00000b1d      0x225 ./Drivers/STM32F1xx_HAL_Driver/Src/stm32f1xx_hal_adc.o
 .debug_abbrev  0x00000d42      0x2f8 ./Drivers/STM32F1xx_HAL_Driver/Src/stm32f1xx_hal_cortex.o
 .debug_abbrev  0x0000103a      0x1ca ./Drivers/STM32F1xx_HAL_Driver/Src/stm32f1xx_hal_gpio.o
 .debug_abbrev  0x00001204      0x2b3 ./Drivers/STM32F1xx_HAL_Driver/Src/stm32f1xx_hal_rcc.o
 .debug_abbrev  0x000014b7      0x188 ./Drivers/STM32F1xx_HAL_Driver/Src/stm32f1xx_hal_rcc_ex.o
 .debug_abbrev  0x0000163f      0x27a ./Drivers/STM32F1xx_HAL_Driver/Src/stm32f1xx_hal_spi.o

.debug_aranges  0x00000000      0x798
 .debug_aranges
                0x00000000       0xa0 ./Core/Src/NRF24L01.o
 .debug_aranges
                0x000000a0       0x48 ./Core/Src/main.o
 .debug_aranges
                0x000000e8       0x40 ./Core/Src/stm32f1xx_hal_msp.o
 .debug_aranges
                0x00000128       0x68 ./Core/Src/stm32f1xx_it.o
 .debug_aranges
                0x00000190       0x28 ./Core/Src/system_stm32f1xx.o
 .debug_aranges
                0x000001b8       0x28 ./Core/Startup/startup_stm32f103c8tx.o
 .debug_aranges
                0x000001e0       0xe0 ./Drivers/STM32F1xx_HAL_Driver/Src/stm32f1xx_hal.o
 .debug_aranges
                0x000002c0       0xf0 ./Drivers/STM32F1xx_HAL_Driver/Src/stm32f1xx_hal_adc.o
 .debug_aranges
                0x000003b0      0x100 ./Drivers/STM32F1xx_HAL_Driver/Src/stm32f1xx_hal_cortex.o
 .debug_aranges
                0x000004b0       0x58 ./Drivers/STM32F1xx_HAL_Driver/Src/stm32f1xx_hal_gpio.o
 .debug_aranges
                0x00000508       0x90 ./Drivers/STM32F1xx_HAL_Driver/Src/stm32f1xx_hal_rcc.o
 .debug_aranges
                0x00000598       0x30 ./Drivers/STM32F1xx_HAL_Driver/Src/stm32f1xx_hal_rcc_ex.o
 .debug_aranges
                0x000005c8      0x1d0 ./Drivers/STM32F1xx_HAL_Driver/Src/stm32f1xx_hal_spi.o

.debug_rnglists
                0x00000000      0x5a6
 .debug_rnglists
                0x00000000       0x75 ./Core/Src/NRF24L01.o
 .debug_rnglists
                0x00000075       0x34 ./Core/Src/main.o
 .debug_rnglists
                0x000000a9       0x2d ./Core/Src/stm32f1xx_hal_msp.o
 .debug_rnglists
                0x000000d6       0x49 ./Core/Src/stm32f1xx_it.o
 .debug_rnglists
                0x0000011f       0x1a ./Core/Src/system_stm32f1xx.o
 .debug_rnglists
                0x00000139       0x19 ./Core/Startup/startup_stm32f103c8tx.o
 .debug_rnglists
                0x00000152       0xa3 ./Drivers/STM32F1xx_HAL_Driver/Src/stm32f1xx_hal.o
 .debug_rnglists
                0x000001f5       0xbc ./Drivers/STM32F1xx_HAL_Driver/Src/stm32f1xx_hal_adc.o
 .debug_rnglists
                0x000002b1       0xbb ./Drivers/STM32F1xx_HAL_Driver/Src/stm32f1xx_hal_cortex.o
 .debug_rnglists
                0x0000036c       0x3f ./Drivers/STM32F1xx_HAL_Driver/Src/stm32f1xx_hal_gpio.o
 .debug_rnglists
                0x000003ab       0x6c ./Drivers/STM32F1xx_HAL_Driver/Src/stm32f1xx_hal_rcc.o
 .debug_rnglists
                0x00000417       0x21 ./Drivers/STM32F1xx_HAL_Driver/Src/stm32f1xx_hal_rcc_ex.o
 .debug_rnglists
                0x00000438      0x16e ./Drivers/STM32F1xx_HAL_Driver/Src/stm32f1xx_hal_spi.o

.debug_macro    0x00000000    0x174ed
 .debug_macro   0x00000000      0x1c9 ./Core/Src/NRF24L01.o
 .debug_macro   0x000001c9      0xaa8 ./Core/Src/NRF24L01.o
 .debug_macro   0x00000c71      0x21b ./Core/Src/NRF24L01.o
 .debug_macro   0x00000e8c       0x2e ./Core/Src/NRF24L01.o
 .debug_macro   0x00000eba       0x22 ./Core/Src/NRF24L01.o
 .debug_macro   0x00000edc       0x22 ./Core/Src/NRF24L01.o
 .debug_macro   0x00000efe       0x8e ./Core/Src/NRF24L01.o
 .debug_macro   0x00000f8c       0x51 ./Core/Src/NRF24L01.o
 .debug_macro   0x00000fdd      0x103 ./Core/Src/NRF24L01.o
 .debug_macro   0x000010e0       0x6a ./Core/Src/NRF24L01.o
 .debug_macro   0x0000114a      0x1df ./Core/Src/NRF24L01.o
 .debug_macro   0x00001329       0x1c ./Core/Src/NRF24L01.o
 .debug_macro   0x00001345       0x22 ./Core/Src/NRF24L01.o
 .debug_macro   0x00001367       0xbd ./Core/Src/NRF24L01.o
 .debug_macro   0x00001424      0xd23 ./Core/Src/NRF24L01.o
 .debug_macro   0x00002147     0xe09e ./Core/Src/NRF24L01.o
 .debug_macro   0x000101e5       0x6d ./Core/Src/NRF24L01.o
 .debug_macro   0x00010252     0x34a2 ./Core/Src/NRF24L01.o
 .debug_macro   0x000136f4      0x189 ./Core/Src/NRF24L01.o
 .debug_macro   0x0001387d       0x5c ./Core/Src/NRF24L01.o
 .debug_macro   0x000138d9      0x5bc ./Core/Src/NRF24L01.o
 .debug_macro   0x00013e95      0x289 ./Core/Src/NRF24L01.o
 .debug_macro   0x0001411e      0x1cb ./Core/Src/NRF24L01.o
 .debug_macro   0x000142e9      0x114 ./Core/Src/NRF24L01.o
 .debug_macro   0x000143fd      0x1b2 ./Core/Src/NRF24L01.o
 .debug_macro   0x000145af       0x27 ./Core/Src/NRF24L01.o
 .debug_macro   0x000145d6      0x136 ./Core/Src/NRF24L01.o
 .debug_macro   0x0001470c      0x1bc ./Core/Src/NRF24L01.o
 .debug_macro   0x000148c8       0x34 ./Core/Src/NRF24L01.o
 .debug_macro   0x000148fc       0x3c ./Core/Src/NRF24L01.o
 .debug_macro   0x00014938       0x57 ./Core/Src/NRF24L01.o
 .debug_macro   0x0001498f      0x46a ./Core/Src/NRF24L01.o
 .debug_macro   0x00014df9      0x1b5 ./Core/Src/NRF24L01.o
 .debug_macro   0x00014fae       0x87 ./Core/Src/NRF24L01.o
 .debug_macro   0x00015035      0x240 ./Core/Src/NRF24L01.o
 .debug_macro   0x00015275      0x140 ./Core/Src/NRF24L01.o
 .debug_macro   0x000153b5      0x217 ./Core/Src/NRF24L01.o
 .debug_macro   0x000155cc       0x83 ./Core/Src/NRF24L01.o
 .debug_macro   0x0001564f       0xee ./Core/Src/NRF24L01.o
 .debug_macro   0x0001573d      0x2bc ./Core/Src/main.o
 .debug_macro   0x000159f9       0x2e ./Core/Src/main.o
 .debug_macro   0x00015a27       0x61 ./Core/Src/main.o
 .debug_macro   0x00015a88       0x24 ./Core/Src/main.o
 .debug_macro   0x00015aac       0x43 ./Core/Src/main.o
 .debug_macro   0x00015aef       0x34 ./Core/Src/main.o
 .debug_macro   0x00015b23       0x16 ./Core/Src/main.o
 .debug_macro   0x00015b39       0x43 ./Core/Src/main.o
 .debug_macro   0x00015b7c       0x34 ./Core/Src/main.o
 .debug_macro   0x00015bb0       0x10 ./Core/Src/main.o
 .debug_macro   0x00015bc0       0x58 ./Core/Src/main.o
 .debug_macro   0x00015c18       0x8e ./Core/Src/main.o
 .debug_macro   0x00015ca6       0x1c ./Core/Src/main.o
 .debug_macro   0x00015cc2      0x177 ./Core/Src/main.o
 .debug_macro   0x00015e39      0x369 ./Core/Src/main.o
 .debug_macro   0x000161a2       0x10 ./Core/Src/main.o
 .debug_macro   0x000161b2       0x35 ./Core/Src/main.o
 .debug_macro   0x000161e7       0x20 ./Core/Src/main.o
 .debug_macro   0x00016207       0x1c ./Core/Src/main.o
 .debug_macro   0x00016223       0x10 ./Core/Src/main.o
 .debug_macro   0x00016233       0x1c ./Core/Src/main.o
 .debug_macro   0x0001624f       0x16 ./Core/Src/main.o
 .debug_macro   0x00016265      0x146 ./Core/Src/main.o
 .debug_macro   0x000163ab      0x1b1 ./Core/Src/stm32f1xx_hal_msp.o
 .debug_macro   0x0001655c      0x1bb ./Core/Src/stm32f1xx_it.o
 .debug_macro   0x00016717      0x1a2 ./Core/Src/system_stm32f1xx.o
 .debug_macro   0x000168b9      0x1c6 ./Drivers/STM32F1xx_HAL_Driver/Src/stm32f1xx_hal.o
 .debug_macro   0x00016a7f      0x1bf ./Drivers/STM32F1xx_HAL_Driver/Src/stm32f1xx_hal_adc.o
 .debug_macro   0x00016c3e      0x1a2 ./Drivers/STM32F1xx_HAL_Driver/Src/stm32f1xx_hal_cortex.o
 .debug_macro   0x00016de0      0x20d ./Drivers/STM32F1xx_HAL_Driver/Src/stm32f1xx_hal_gpio.o
 .debug_macro   0x00016fed      0x1b4 ./Drivers/STM32F1xx_HAL_Driver/Src/stm32f1xx_hal_rcc.o
 .debug_macro   0x000171a1      0x1a2 ./Drivers/STM32F1xx_HAL_Driver/Src/stm32f1xx_hal_rcc_ex.o
 .debug_macro   0x00017343      0x1aa ./Drivers/STM32F1xx_HAL_Driver/Src/stm32f1xx_hal_spi.o

.debug_line     0x00000000     0x8db3
 .debug_line    0x00000000      0x9d5 ./Core/Src/NRF24L01.o
 .debug_line    0x000009d5      0xaac ./Core/Src/main.o
 .debug_line    0x00001481      0x780 ./Core/Src/stm32f1xx_hal_msp.o
 .debug_line    0x00001c01      0x7b6 ./Core/Src/stm32f1xx_it.o
 .debug_line    0x000023b7      0x75a ./Core/Src/system_stm32f1xx.o
 .debug_line    0x00002b11       0x78 ./Core/Startup/startup_stm32f103c8tx.o
 .debug_line    0x00002b89      0x987 ./Drivers/STM32F1xx_HAL_Driver/Src/stm32f1xx_hal.o
 .debug_line    0x00003510     0x1004 ./Drivers/STM32F1xx_HAL_Driver/Src/stm32f1xx_hal_adc.o
 .debug_line    0x00004514      0xb73 ./Drivers/STM32F1xx_HAL_Driver/Src/stm32f1xx_hal_cortex.o
 .debug_line    0x00005087      0xa20 ./Drivers/STM32F1xx_HAL_Driver/Src/stm32f1xx_hal_gpio.o
 .debug_line    0x00005aa7      0xd90 ./Drivers/STM32F1xx_HAL_Driver/Src/stm32f1xx_hal_rcc.o
 .debug_line    0x00006837      0x8d1 ./Drivers/STM32F1xx_HAL_Driver/Src/stm32f1xx_hal_rcc_ex.o
 .debug_line    0x00007108     0x1cab ./Drivers/STM32F1xx_HAL_Driver/Src/stm32f1xx_hal_spi.o

.debug_str      0x00000000    0x8656b
 .debug_str     0x00000000    0x80ff3 ./Core/Src/NRF24L01.o
                              0x813a2 (size before relaxing)
 .debug_str     0x00080ff3     0x3f02 ./Core/Src/main.o
                              0x8518e (size before relaxing)
 .debug_str     0x00084ef5       0xb8 ./Core/Src/stm32f1xx_hal_msp.o
                              0x811d6 (size before relaxing)
 .debug_str     0x00084fad       0xf3 ./Core/Src/stm32f1xx_it.o
                              0x80c7a (size before relaxing)
 .debug_str     0x000850a0       0x7e ./Core/Src/system_stm32f1xx.o
                              0x80bc6 (size before relaxing)
 .debug_str     0x0008511e       0x44 ./Core/Startup/startup_stm32f103c8tx.o
                                 0x80 (size before relaxing)
 .debug_str     0x00085162      0x37a ./Drivers/STM32F1xx_HAL_Driver/Src/stm32f1xx_hal.o
                              0x812f9 (size before relaxing)
 .debug_str     0x000854dc      0x35e ./Drivers/STM32F1xx_HAL_Driver/Src/stm32f1xx_hal_adc.o
                              0x812aa (size before relaxing)
 .debug_str     0x0008583a      0x2a8 ./Drivers/STM32F1xx_HAL_Driver/Src/stm32f1xx_hal_cortex.o
                              0x81245 (size before relaxing)
 .debug_str     0x00085ae2      0x2bc ./Drivers/STM32F1xx_HAL_Driver/Src/stm32f1xx_hal_gpio.o
                              0x80f4c (size before relaxing)
 .debug_str     0x00085d9e      0x229 ./Drivers/STM32F1xx_HAL_Driver/Src/stm32f1xx_hal_rcc.o
                              0x80ff5 (size before relaxing)
 .debug_str     0x00085fc7       0x84 ./Drivers/STM32F1xx_HAL_Driver/Src/stm32f1xx_hal_rcc_ex.o
                              0x80d45 (size before relaxing)
 .debug_str     0x0008604b      0x520 ./Drivers/STM32F1xx_HAL_Driver/Src/stm32f1xx_hal_spi.o
                              0x814ec (size before relaxing)

.comment        0x00000000       0x43
 .comment       0x00000000       0x43 ./Core/Src/NRF24L01.o
                                 0x44 (size before relaxing)
 .comment       0x00000043       0x44 ./Core/Src/main.o
 .comment       0x00000043       0x44 ./Core/Src/stm32f1xx_hal_msp.o
 .comment       0x00000043       0x44 ./Core/Src/stm32f1xx_it.o
 .comment       0x00000043       0x44 ./Core/Src/system_stm32f1xx.o
 .comment       0x00000043       0x44 ./Drivers/STM32F1xx_HAL_Driver/Src/stm32f1xx_hal.o
 .comment       0x00000043       0x44 ./Drivers/STM32F1xx_HAL_Driver/Src/stm32f1xx_hal_adc.o
 .comment       0x00000043       0x44 ./Drivers/STM32F1xx_HAL_Driver/Src/stm32f1xx_hal_cortex.o
 .comment       0x00000043       0x44 ./Drivers/STM32F1xx_HAL_Driver/Src/stm32f1xx_hal_gpio.o
 .comment       0x00000043       0x44 ./Drivers/STM32F1xx_HAL_Driver/Src/stm32f1xx_hal_rcc.o
 .comment       0x00000043       0x44 ./Drivers/STM32F1xx_HAL_Driver/Src/stm32f1xx_hal_rcc_ex.o
 .comment       0x00000043       0x44 ./Drivers/STM32F1xx_HAL_Driver/Src/stm32f1xx_hal_spi.o

.debug_frame    0x00000000     0x1d1c
 .debug_frame   0x00000000      0x250 ./Core/Src/NRF24L01.o
 .debug_frame   0x00000250       0xd0 ./Core/Src/main.o
 .debug_frame   0x00000320       0xc8 ./Core/Src/stm32f1xx_hal_msp.o
 .debug_frame   0x000003e8      0x120 ./Core/Src/stm32f1xx_it.o
 .debug_frame   0x00000508       0x58 ./Core/Src/system_stm32f1xx.o
 .debug_frame   0x00000560      0x334 ./Drivers/STM32F1xx_HAL_Driver/Src/stm32f1xx_hal.o
 .debug_frame   0x00000894      0x40c ./Drivers/STM32F1xx_HAL_Driver/Src/stm32f1xx_hal_adc.o
 .debug_frame   0x00000ca0      0x428 ./Drivers/STM32F1xx_HAL_Driver/Src/stm32f1xx_hal_cortex.o
 .debug_frame   0x000010c8      0x14c ./Drivers/STM32F1xx_HAL_Driver/Src/stm32f1xx_hal_gpio.o
 .debug_frame   0x00001214      0x218 ./Drivers/STM32F1xx_HAL_Driver/Src/stm32f1xx_hal_rcc.o
 .debug_frame   0x0000142c       0x80 ./Drivers/STM32F1xx_HAL_Driver/Src/stm32f1xx_hal_rcc_ex.o
 .debug_frame   0x000014ac      0x824 ./Drivers/STM32F1xx_HAL_Driver/Src/stm32f1xx_hal_spi.o
 .debug_frame   0x00001cd0       0x20 D:/APK KULIAH/STM32/aplikasinya/STM32CubeIDE_1.16.1/STM32CubeIDE/plugins/com.st.stm32cube.ide.mcu.externaltools.gnu-tools-for-stm32.12.3.rel1.win32_1.0.200.202406191623/tools/bin/../lib/gcc/arm-none-eabi/12.3.1/../../../../arm-none-eabi/lib/thumb/v7-m/nofp\libc_nano.a(libc_a-memset.o)
 .debug_frame   0x00001cf0       0x2c D:/APK KULIAH/STM32/aplikasinya/STM32CubeIDE_1.16.1/STM32CubeIDE/plugins/com.st.stm32cube.ide.mcu.externaltools.gnu-tools-for-stm32.12.3.rel1.win32_1.0.200.202406191623/tools/bin/../lib/gcc/arm-none-eabi/12.3.1/../../../../arm-none-eabi/lib/thumb/v7-m/nofp\libc_nano.a(libc_a-init.o)

.debug_line_str
                0x00000000       0x64
 .debug_line_str
                0x00000000       0x64 ./Core/Startup/startup_stm32f103c8tx.o
