../Core/Src/main.c:99:6:processJoystick	32	static
../Core/Src/main.c:129:6:checkSoilAndPump	8	static
../Core/Src/main.c:145:5:main	104	static
../Core/Src/main.c:241:6:SystemClock_Config	88	static
../Core/Src/main.c:289:13:MX_ADC3_Init	24	static
../Core/Src/main.c:341:13:MX_SPI3_Init	8	static
../Core/Src/main.c:378:13:MX_TIM2_Init	64	static
../Core/Src/main.c:437:13:MX_TIM3_Init	32	static
../Core/Src/main.c:482:13:MX_TIM10_Init	40	static
../Core/Src/main.c:528:13:MX_TIM11_Init	40	static
../Core/Src/main.c:574:13:MX_TIM12_Init	40	static
../Core/Src/main.c:620:13:MX_USART2_UART_Init	8	static
../Core/Src/main.c:653:13:MX_GPIO_Init	48	static
../Core/Src/main.c:712:6:TASK1_Init	16	static
../Core/Src/main.c:731:6:TASK2_Init	16	static
../Core/Src/main.c:750:6:TASK3_Init	16	static
../Core/Src/main.c:770:6:HAL_TIM_PeriodElapsedCallback	16	static
../Core/Src/main.c:787:6:Error_Handler	4	static,ignoring_inline_asm
